stm32f10x_bkp.c:120:6:BKP_DeInit	8	static
stm32f10x_bkp.c:134:6:BKP_TamperPinLevelConfig	16	static
stm32f10x_bkp.c:147:6:BKP_TamperPinCmd	16	static
stm32f10x_bkp.c:160:6:BKP_ITConfig	16	static
stm32f10x_bkp.c:180:6:BKP_RTCOutputConfig	24	static
stm32f10x_bkp.c:201:6:BKP_SetRTCCalibrationValue	24	static
stm32f10x_bkp.c:222:6:BKP_WriteBackupRegister	24	static
stm32f10x_bkp.c:241:10:BKP_ReadBackupRegister	24	static
stm32f10x_bkp.c:259:12:BKP_GetFlagStatus	4	static
stm32f10x_bkp.c:269:6:BKP_ClearFlag	4	static
stm32f10x_bkp.c:280:10:BKP_GetITStatus	4	static
stm32f10x_bkp.c:290:6:BKP_ClearITPendingBit	4	static
