stm32f10x_cec.c:118:6:CEC_DeInit	8	static
stm32f10x_cec.c:135:6:CEC_Init	24	static
stm32f10x_cec.c:164:6:CEC_Cmd	16	static
stm32f10x_cec.c:186:6:CEC_ITConfig	16	static
stm32f10x_cec.c:199:6:CEC_OwnAddressConfig	16	static
stm32f10x_cec.c:213:6:CEC_SetPrescaler	16	static
stm32f10x_cec.c:227:6:CEC_SendDataByte	16	static
stm32f10x_cec.c:239:9:CEC_ReceiveDataByte	4	static
stm32f10x_cec.c:250:6:CEC_StartOfMessage	4	static
stm32f10x_cec.c:262:6:CEC_EndOfMessageCmd	16	static
stm32f10x_cec.c:291:12:CEC_GetFlagStatus	32	static
stm32f10x_cec.c:349:6:CEC_ClearFlag	24	static
stm32f10x_cec.c:372:10:CEC_GetITStatus	24	static
stm32f10x_cec.c:408:6:CEC_ClearITPendingBit	24	static
