11:05:28 **** Incremental Build of configuration Debug for project STM32F103ZET6 ****
make -j4 all 
arm-none-eabi-size   STM32F103ZET6.elf 
   text	   data	    bss	    dec	    hex	filename
  11900	    152	   1704	  13756	   35bc	STM32F103ZET6.elf
Finished building: default.size.stdout
 
11:05:52 **** Incremental Build of configuration Debug for project STM32F103ZET6 ****
make -j4 all 
arm-none-eabi-size   STM32F103ZET6.elf 
   text	   data	    bss	    dec	    hex	filename
  11900	    152	   1704	  13756	   35bc	STM32F103ZET6.elf
Finished building: default.size.stdout
 
