10:45:11 **** Incremental Build of configuration Debug for project STM32F411RE ****
make -j4 all 
arm-none-eabi-gcc "../Core/Src/main.c" -mcpu=cortex-m4 -std=gnu11 -g3 -DDEBUG -DUSE_HAL_DRIVER -DSTM32F411xE -c -I../Core/Inc -I../Drivers/STM32F4xx_HAL_Driver/Inc -I../Drivers/STM32F4xx_HAL_Driver/Inc/Legacy -I../Drivers/CMSIS/Device/ST/STM32F4xx/Include -I../Drivers/CMSIS/Include -O0 -ffunction-sections -fdata-sections -Wall -fstack-usage -MMD -MP -MF"Core/Src/main.d" -MT"Core/Src/main.o" --specs=nano.specs -mfpu=fpv4-sp-d16 -mfloat-abi=hard -mthumb -o "Core/Src/main.o"
arm-none-eabi-gcc -o "STM32F411RE.elf" @"objects.list"   -mcpu=cortex-m4 -T"/home/ysh/Desktop/github/__ysh__/workbenck/STM32CubeMX/STM32F411RE/STM32F411RETX_FLASH.ld" --specs=nosys.specs -Wl,-Map="STM32F411RE.map" -Wl,--gc-sections -static --specs=nano.specs -mfpu=fpv4-sp-d16 -mfloat-abi=hard -mthumb -Wl,--start-group -lc -lm -Wl,--end-group
Finished building target: STM32F411RE.elf
 
arm-none-eabi-objdump -h -S  STM32F411RE.elf  > "STM32F411RE.list"
arm-none-eabi-objcopy  -O binary  STM32F411RE.elf  "STM32F411RE.bin"
arm-none-eabi-size   STM32F411RE.elf 
   text	   data	    bss	    dec	    hex	filename
  10288	    120	   1664	  12072	   2f28	STM32F411RE.elf
Finished building: default.size.stdout
Finished building: STM32F411RE.bin
 
 
Finished building: STM32F411RE.list
 

10:45:12 Build Finished. 0 errors, 0 warnings. (took 909ms)

