os_core.c:117:8:OSEventNameGet	32	static
os_core.c:197:7:OSEventNameSet	32	static
os_core.c:320:9:OSEventPendMulti	48	static
os_core.c:582:7:OSInit	8	static
os_core.c:663:7:OSIntEnter	4	static
os_core.c:693:7:OSIntExit	16	static
os_core.c:782:7:OSSchedLock	16	static
os_core.c:819:7:OSSchedUnlock	16	static
os_core.c:869:7:OSStart	8	static
os_core.c:902:7:OSStatInit	16	static
os_core.c:937:7:OSTimeTick	24	static
os_core.c:1025:9:OSVersion	4	static
os_core.c:1044:7:OS_Dummy	4	static
os_core.c:1078:8:OS_EventTaskRdy	32	static
os_core.c:1156:7:OS_EventTaskWait	24	static
os_core.c:1192:7:OS_EventTaskWaitMulti	32	static
os_core.c:1237:7:OS_EventTaskRemove	24	static
os_core.c:1269:7:OS_EventTaskRemoveMulti	32	static
os_core.c:1310:7:OS_EventWaitListInit	24	static
os_core.c:1336:15:OS_InitEventList	24	static
os_core.c:1389:15:OS_InitMisc	4	static
os_core.c:1434:15:OS_InitRdyList	16	static
os_core.c:1465:15:OS_InitTaskIdle	40	static
os_core.c:1528:15:OS_InitTaskStat	40	static
os_core.c:1591:15:OS_InitTCBList	24	static
os_core.c:1640:7:OS_MemClr	16	static
os_core.c:1674:7:OS_MemCopy	24	static
os_core.c:1702:7:OS_Sched	16	static
os_core.c:1751:15:OS_SchedNew	16	static
os_core.c:1796:8:OS_StrLen	24	static
os_core.c:1838:7:OS_TaskIdle	24	static
os_core.c:1879:7:OS_TaskStat	24	static
os_core.c:1949:7:OS_TaskStatStkChk	24	static
os_core.c:2022:8:OS_TCBInit	40	static
