os_task.c:60:8:OSTaskChangePrio	40	static
os_task.c:219:8:OSTaskCreate	56	static
os_task.c:347:8:OSTaskCreateExt	56	static
os_task.c:450:8:OSTaskDel	24	static
os_task.c:613:8:OSTaskDelReq	32	static
os_task.c:688:8:OSTaskNameGet	40	static
os_task.c:770:7:OSTaskNameSet	32	static
os_task.c:846:8:OSTaskResume	24	static
os_task.c:916:8:OSTaskStkChk	40	static
os_task.c:1002:8:OSTaskSuspend	32	static
os_task.c:1078:8:OSTaskQuery	24	static
os_task.c:1146:9:OSTaskRegGet	32	static
os_task.c:1209:8:OSTaskRegGetID	24	static
os_task.c:1269:7:OSTaskRegSet	32	static
os_task.c:1327:7:OS_TaskReturn	8	static
os_task.c:1364:7:OS_TaskStkClr	24	static
