Archive member included to satisfy reference by file (symbol)

/opt/st/stm32cubeide_1.6.0/plugins/com.st.stm32cube.ide.mcu.externaltools.gnu-tools-for-stm32.9-2020-q2-update.linux64_1.5.0.202011040924/tools/bin/../lib/gcc/arm-none-eabi/9.3.1/../../../../arm-none-eabi/lib/thumb/v7e-m+fp/hard/libc_nano.a(lib_a-errno.o)
                              Core/Src/syscalls.o (__errno)
/opt/st/stm32cubeide_1.6.0/plugins/com.st.stm32cube.ide.mcu.externaltools.gnu-tools-for-stm32.9-2020-q2-update.linux64_1.5.0.202011040924/tools/bin/../lib/gcc/arm-none-eabi/9.3.1/../../../../arm-none-eabi/lib/thumb/v7e-m+fp/hard/libc_nano.a(lib_a-exit.o)
                              /opt/st/stm32cubeide_1.6.0/plugins/com.st.stm32cube.ide.mcu.externaltools.gnu-tools-for-stm32.9-2020-q2-update.linux64_1.5.0.202011040924/tools/bin/../lib/gcc/arm-none-eabi/9.3.1/../../../../arm-none-eabi/lib/thumb/v7e-m+fp/hard/crt0.o (exit)
/opt/st/stm32cubeide_1.6.0/plugins/com.st.stm32cube.ide.mcu.externaltools.gnu-tools-for-stm32.9-2020-q2-update.linux64_1.5.0.202011040924/tools/bin/../lib/gcc/arm-none-eabi/9.3.1/../../../../arm-none-eabi/lib/thumb/v7e-m+fp/hard/libc_nano.a(lib_a-impure.o)
                              /opt/st/stm32cubeide_1.6.0/plugins/com.st.stm32cube.ide.mcu.externaltools.gnu-tools-for-stm32.9-2020-q2-update.linux64_1.5.0.202011040924/tools/bin/../lib/gcc/arm-none-eabi/9.3.1/../../../../arm-none-eabi/lib/thumb/v7e-m+fp/hard/libc_nano.a(lib_a-exit.o) (_global_impure_ptr)
/opt/st/stm32cubeide_1.6.0/plugins/com.st.stm32cube.ide.mcu.externaltools.gnu-tools-for-stm32.9-2020-q2-update.linux64_1.5.0.202011040924/tools/bin/../lib/gcc/arm-none-eabi/9.3.1/../../../../arm-none-eabi/lib/thumb/v7e-m+fp/hard/libc_nano.a(lib_a-init.o)
                              /opt/st/stm32cubeide_1.6.0/plugins/com.st.stm32cube.ide.mcu.externaltools.gnu-tools-for-stm32.9-2020-q2-update.linux64_1.5.0.202011040924/tools/bin/../lib/gcc/arm-none-eabi/9.3.1/../../../../arm-none-eabi/lib/thumb/v7e-m+fp/hard/crt0.o (__libc_init_array)
/opt/st/stm32cubeide_1.6.0/plugins/com.st.stm32cube.ide.mcu.externaltools.gnu-tools-for-stm32.9-2020-q2-update.linux64_1.5.0.202011040924/tools/bin/../lib/gcc/arm-none-eabi/9.3.1/../../../../arm-none-eabi/lib/thumb/v7e-m+fp/hard/libc_nano.a(lib_a-memset.o)
                              /opt/st/stm32cubeide_1.6.0/plugins/com.st.stm32cube.ide.mcu.externaltools.gnu-tools-for-stm32.9-2020-q2-update.linux64_1.5.0.202011040924/tools/bin/../lib/gcc/arm-none-eabi/9.3.1/../../../../arm-none-eabi/lib/thumb/v7e-m+fp/hard/crt0.o (memset)
/opt/st/stm32cubeide_1.6.0/plugins/com.st.stm32cube.ide.mcu.externaltools.gnu-tools-for-stm32.9-2020-q2-update.linux64_1.5.0.202011040924/tools/bin/../lib/gcc/arm-none-eabi/9.3.1/thumb/v7e-m+fp/hard/libgcc.a(_aeabi_uldivmod.o)
                              Drivers/STM32F4xx_HAL_Driver/Src/stm32f4xx_hal_rcc.o (__aeabi_uldivmod)
/opt/st/stm32cubeide_1.6.0/plugins/com.st.stm32cube.ide.mcu.externaltools.gnu-tools-for-stm32.9-2020-q2-update.linux64_1.5.0.202011040924/tools/bin/../lib/gcc/arm-none-eabi/9.3.1/thumb/v7e-m+fp/hard/libgcc.a(_udivmoddi4.o)
                              /opt/st/stm32cubeide_1.6.0/plugins/com.st.stm32cube.ide.mcu.externaltools.gnu-tools-for-stm32.9-2020-q2-update.linux64_1.5.0.202011040924/tools/bin/../lib/gcc/arm-none-eabi/9.3.1/thumb/v7e-m+fp/hard/libgcc.a(_aeabi_uldivmod.o) (__udivmoddi4)
/opt/st/stm32cubeide_1.6.0/plugins/com.st.stm32cube.ide.mcu.externaltools.gnu-tools-for-stm32.9-2020-q2-update.linux64_1.5.0.202011040924/tools/bin/../lib/gcc/arm-none-eabi/9.3.1/thumb/v7e-m+fp/hard/libgcc.a(_dvmd_tls.o)
                              /opt/st/stm32cubeide_1.6.0/plugins/com.st.stm32cube.ide.mcu.externaltools.gnu-tools-for-stm32.9-2020-q2-update.linux64_1.5.0.202011040924/tools/bin/../lib/gcc/arm-none-eabi/9.3.1/thumb/v7e-m+fp/hard/libgcc.a(_aeabi_uldivmod.o) (__aeabi_ldiv0)

Allocating common symbols
Common symbol       size              file

OSTmrFreeList       0x4               uCOS2/Source/os_core.o
OSTmrWheelTbl       0x38              uCOS2/Source/os_core.o
OSLockNesting       0x1               uCOS2/Source/os_core.o
OSTmrSemSignal      0x4               uCOS2/Source/os_core.o
OSTaskRegNextAvailID
                    0x1               uCOS2/Source/os_core.o
OSRunning           0x1               uCOS2/Source/os_core.o
OSIdleCtr           0x4               uCOS2/Source/os_core.o
OSTmrUsed           0x2               uCOS2/Source/os_core.o
OSPrioHighRdy       0x1               uCOS2/Source/os_core.o
OSTmrTbl            0x280             uCOS2/Source/os_core.o
OSPrioCur           0x1               uCOS2/Source/os_core.o
OSTCBList           0x4               uCOS2/Source/os_core.o
OSTickStepState     0x1               uCOS2/Source/os_core.o
OSTaskStatStk       0x200             uCOS2/Source/os_core.o
uwTick              0x4               Drivers/STM32F4xx_HAL_Driver/Src/stm32f4xx_hal.o
OSCtxSwCtr          0x4               uCOS2/Source/os_core.o
[...]
Memory Configuration

Name             Origin             Length             Attributes
RAM              0x0000000020000000 0x0000000000020000 xrw
FLASH            0x0000000008000000 0x0000000000080000 xr
*default*        0x0000000000000000 0xffffffffffffffff

Linker script and memory map

LOAD /opt/st/stm32cubeide_1.6.0/plugins/com.st.stm32cube.ide.mcu.externaltools.gnu-tools-for-stm32.9-2020-q2-update.linux64_1.5.0.202011040924/tools/bin/../lib/gcc/arm-none-eabi/9.3.1/thumb/v7e-m+fp/hard/crti.o
LOAD /opt/st/stm32cubeide_1.6.0/plugins/com.st.stm32cube.ide.mcu.externaltools.gnu-tools-for-stm32.9-2020-q2-update.linux64_1.5.0.202011040924/tools/bin/../lib/gcc/arm-none-eabi/9.3.1/thumb/v7e-m+fp/hard/crtbegin.o
LOAD /opt/st/stm32cubeide_1.6.0/plugins/com.st.stm32cube.ide.mcu.externaltools.gnu-tools-for-stm32.9-2020-q2-update.linux64_1.5.0.202011040924/tools/bin/../lib/gcc/arm-none-eabi/9.3.1/../../../../arm-none-eabi/lib/thumb/v7e-m+fp/hard/crt0.o
LOAD Core/Src/gpio.o
LOAD Core/Src/main.o
LOAD Core/Src/stm32f4xx_hal_msp.o
LOAD Core/Src/stm32f4xx_hal_timebase_tim.o
LOAD Core/Src/stm32f4xx_it.o
LOAD Core/Src/syscalls.o
LOAD Core/Src/sysmem.o
LOAD Core/Src/system_stm32f4xx.o
LOAD Core/Src/usart.o
LOAD Core/Startup/startup_stm32f411retx.o
LOAD Drivers/STM32F4xx_HAL_Driver/Src/stm32f4xx_hal.o
LOAD Drivers/STM32F4xx_HAL_Driver/Src/stm32f4xx_hal_cortex.o
LOAD Drivers/STM32F4xx_HAL_Driver/Src/stm32f4xx_hal_dma.o
LOAD Drivers/STM32F4xx_HAL_Driver/Src/stm32f4xx_hal_dma_ex.o
LOAD Drivers/STM32F4xx_HAL_Driver/Src/stm32f4xx_hal_exti.o
LOAD Drivers/STM32F4xx_HAL_Driver/Src/stm32f4xx_hal_flash.o
LOAD Drivers/STM32F4xx_HAL_Driver/Src/stm32f4xx_hal_flash_ex.o
LOAD Drivers/STM32F4xx_HAL_Driver/Src/stm32f4xx_hal_flash_ramfunc.o
LOAD Drivers/STM32F4xx_HAL_Driver/Src/stm32f4xx_hal_gpio.o
LOAD Drivers/STM32F4xx_HAL_Driver/Src/stm32f4xx_hal_pwr.o
LOAD Drivers/STM32F4xx_HAL_Driver/Src/stm32f4xx_hal_pwr_ex.o
LOAD Drivers/STM32F4xx_HAL_Driver/Src/stm32f4xx_hal_rcc.o
LOAD Drivers/STM32F4xx_HAL_Driver/Src/stm32f4xx_hal_rcc_ex.o
LOAD Drivers/STM32F4xx_HAL_Driver/Src/stm32f4xx_hal_tim.o
LOAD Drivers/STM32F4xx_HAL_Driver/Src/stm32f4xx_hal_tim_ex.o
LOAD Drivers/STM32F4xx_HAL_Driver/Src/stm32f4xx_hal_uart.o
LOAD uCOS2/Cfg/Template/app_hooks.o
LOAD uCOS2/Ports/ARM-Cortex-M/ARMv7-M/GNU/os_cpu_a.o
LOAD uCOS2/Ports/ARM-Cortex-M/ARMv7-M/GNU/os_dbg.o
LOAD uCOS2/Ports/ARM-Cortex-M/ARMv7-M/os_cpu_c.o
LOAD uCOS2/Source/os_core.o
LOAD uCOS2/Source/os_flag.o
LOAD uCOS2/Source/os_mbox.o
LOAD uCOS2/Source/os_mem.o
LOAD uCOS2/Source/os_mutex.o
LOAD uCOS2/Source/os_q.o
LOAD uCOS2/Source/os_sem.o
LOAD uCOS2/Source/os_task.o
LOAD uCOS2/Source/os_time.o
LOAD uCOS2/Source/os_tmr.o
START GROUP
LOAD /opt/st/stm32cubeide_1.6.0/plugins/com.st.stm32cube.ide.mcu.externaltools.gnu-tools-for-stm32.9-2020-q2-update.linux64_1.5.0.202011040924/tools/bin/../lib/gcc/arm-none-eabi/9.3.1/../../../../arm-none-eabi/lib/thumb/v7e-m+fp/hard/libc_nano.a
LOAD /opt/st/stm32cubeide_1.6.0/plugins/com.st.stm32cube.ide.mcu.externaltools.gnu-tools-for-stm32.9-2020-q2-update.linux64_1.5.0.202011040924/tools/bin/../lib/gcc/arm-none-eabi/9.3.1/../../../../arm-none-eabi/lib/thumb/v7e-m+fp/hard/libm.a
END GROUP
START GROUP
LOAD /opt/st/stm32cubeide_1.6.0/plugins/com.st.stm32cube.ide.mcu.externaltools.gnu-tools-for-stm32.9-2020-q2-update.linux64_1.5.0.202011040924/tools/bin/../lib/gcc/arm-none-eabi/9.3.1/thumb/v7e-m+fp/hard/libgcc.a
LOAD /opt/st/stm32cubeide_1.6.0/plugins/com.st.stm32cube.ide.mcu.externaltools.gnu-tools-for-stm32.9-2020-q2-update.linux64_1.5.0.202011040924/tools/bin/../lib/gcc/arm-none-eabi/9.3.1/../../../../arm-none-eabi/lib/thumb/v7e-m+fp/hard/libc_nano.a
END GROUP
START GROUP
LOAD /opt/st/stm32cubeide_1.6.0/plugins/com.st.stm32cube.ide.mcu.externaltools.gnu-tools-for-stm32.9-2020-q2-update.linux64_1.5.0.202011040924/tools/bin/../lib/gcc/arm-none-eabi/9.3.1/thumb/v7e-m+fp/hard/libgcc.a
LOAD /opt/st/stm32cubeide_1.6.0/plugins/com.st.stm32cube.ide.mcu.externaltools.gnu-tools-for-stm32.9-2020-q2-update.linux64_1.5.0.202011040924/tools/bin/../lib/gcc/arm-none-eabi/9.3.1/../../../../arm-none-eabi/lib/thumb/v7e-m+fp/hard/libc_nano.a
LOAD /opt/st/stm32cubeide_1.6.0/plugins/com.st.stm32cube.ide.mcu.externaltools.gnu-tools-for-stm32.9-2020-q2-update.linux64_1.5.0.202011040924/tools/bin/../lib/gcc/arm-none-eabi/9.3.1/../../../../arm-none-eabi/lib/thumb/v7e-m+fp/hard/libnosys.a
END GROUP
START GROUP
LOAD /opt/st/stm32cubeide_1.6.0/plugins/com.st.stm32cube.ide.mcu.externaltools.gnu-tools-for-stm32.9-2020-q2-update.linux64_1.5.0.202011040924/tools/bin/../lib/gcc/arm-none-eabi/9.3.1/thumb/v7e-m+fp/hard/libgcc.a
LOAD /opt/st/stm32cubeide_1.6.0/plugins/com.st.stm32cube.ide.mcu.externaltools.gnu-tools-for-stm32.9-2020-q2-update.linux64_1.5.0.202011040924/tools/bin/../lib/gcc/arm-none-eabi/9.3.1/../../../../arm-none-eabi/lib/thumb/v7e-m+fp/hard/libc_nano.a
LOAD /opt/st/stm32cubeide_1.6.0/plugins/com.st.stm32cube.ide.mcu.externaltools.gnu-tools-for-stm32.9-2020-q2-update.linux64_1.5.0.202011040924/tools/bin/../lib/gcc/arm-none-eabi/9.3.1/../../../../arm-none-eabi/lib/thumb/v7e-m+fp/hard/libnosys.a
END GROUP
LOAD /opt/st/stm32cubeide_1.6.0/plugins/com.st.stm32cube.ide.mcu.externaltools.gnu-tools-for-stm32.9-2020-q2-update.linux64_1.5.0.202011040924/tools/bin/../lib/gcc/arm-none-eabi/9.3.1/thumb/v7e-m+fp/hard/crtend.o
LOAD /opt/st/stm32cubeide_1.6.0/plugins/com.st.stm32cube.ide.mcu.externaltools.gnu-tools-for-stm32.9-2020-q2-update.linux64_1.5.0.202011040924/tools/bin/../lib/gcc/arm-none-eabi/9.3.1/thumb/v7e-m+fp/hard/crtn.o
                0x0000000020020000                _estack = (ORIGIN (RAM) + LENGTH (RAM))
                0x0000000000000200                _Min_Heap_Size = 0x200
                0x0000000000000400                _Min_Stack_Size = 0x400

.isr_vector     0x0000000008000000      0x198
                0x0000000008000000                . = ALIGN (0x4)
 *(.isr_vector)
 .isr_vector    0x0000000008000000      0x198 Core/Startup/startup_stm32f411retx.o
                0x0000000008000000                g_pfnVectors
                0x0000000008000198                . = ALIGN (0x4)

.text           0x0000000008000198     0x41f8
                0x0000000008000198                . = ALIGN (0x4)
 *(.text)
 .text          0x0000000008000198       0x40 /opt/st/stm32cubeide_1.6.0/plugins/com.st.stm32cube.ide.mcu.externaltools.gnu-tools-for-stm32.9-2020-q2-update.linux64_1.5.0.202011040924/tools/bin/../lib/gcc/arm-none-eabi/9.3.1/thumb/v7e-m+fp/hard/crtbegin.o
 .text          0x00000000080001d8      0x160 uCOS2/Ports/ARM-Cortex-M/ARMv7-M/GNU/os_cpu_a.o
                0x00000000080001d8                OS_CPU_FP_Reg_Push
                0x00000000080001ea                OS_CPU_FP_Reg_Pop
                0x00000000080001f6                OS_CPU_SR_Save
                0x0000000008000212                OS_CPU_SR_Restore
                0x0000000008000224                OSStartHighRdy
                0x00000000080002a4                OSCtxSw
                0x00000000080002a4                OSIntCtxSw
                0x00000000080002ae                PendSV_Handler
 .text          0x0000000008000338       0x30 /opt/st/stm32cubeide_1.6.0/plugins/com.st.stm32cube.ide.mcu.externaltools.gnu-tools-for-stm32.9-2020-q2-update.linux64_1.5.0.202011040924/tools/bin/../lib/gcc/arm-none-eabi/9.3.1/thumb/v7e-m+fp/hard/libgcc.a(_aeabi_uldivmod.o)
                0x0000000008000338                __aeabi_uldivmod
 .text          0x0000000008000368      0x2c4 /opt/st/stm32cubeide_1.6.0/plugins/com.st.stm32cube.ide.mcu.externaltools.gnu-tools-for-stm32.9-2020-q2-update.linux64_1.5.0.202011040924/tools/bin/../lib/gcc/arm-none-eabi/9.3.1/thumb/v7e-m+fp/hard/libgcc.a(_udivmoddi4.o)
                0x0000000008000368                __udivmoddi4
 .text          0x000000000800062c        0x4 /opt/st/stm32cubeide_1.6.0/plugins/com.st.stm32cube.ide.mcu.externaltools.gnu-tools-for-stm32.9-2020-q2-update.linux64_1.5.0.202011040924/tools/bin/../lib/gcc/arm-none-eabi/9.3.1/thumb/v7e-m+fp/hard/libgcc.a(_dvmd_tls.o)
                0x000000000800062c                __aeabi_ldiv0
                0x000000000800062c                __aeabi_idiv0
 *(.text*)
 .text.MX_GPIO_Init
                0x0000000008000630       0xdc Core/Src/gpio.o
                0x0000000008000630                MX_GPIO_Init
 .text.task00   0x000000000800070c       0x38 Core/Src/main.o
                0x000000000800070c                task00
 .text.main     0x0000000008000744       0x34 Core/Src/main.o
                0x0000000008000744                main
 .text.SystemClock_Config
                0x0000000008000778       0xd0 Core/Src/main.o
                0x0000000008000778                SystemClock_Config
 .text.HAL_TIM_PeriodElapsedCallback
                0x0000000008000848       0x24 Core/Src/main.o
                0x0000000008000848                HAL_TIM_PeriodElapsedCallback
 .text.Error_Handler
                0x000000000800086c        0xa Core/Src/main.o
                0x000000000800086c                Error_Handler
 *fill*         0x0000000008000876        0x2 
 .text.HAL_MspInit
                0x0000000008000878       0x50 Core/Src/stm32f4xx_hal_msp.o
                0x0000000008000878                HAL_MspInit
 .text.HAL_InitTick
                0x00000000080008c8       0xb4 Core/Src/stm32f4xx_hal_timebase_tim.o
                0x00000000080008c8                HAL_InitTick
 .text.NMI_Handler
                0x000000000800097c        0x6 Core/Src/stm32f4xx_it.o
                0x000000000800097c                NMI_Handler
 .text.HardFault_Handler
                0x0000000008000982        0x6 Core/Src/stm32f4xx_it.o
                0x0000000008000982                HardFault_Handler
 .text.MemManage_Handler
                0x0000000008000988        0x6 Core/Src/stm32f4xx_it.o
                0x0000000008000988                MemManage_Handler
 .text.BusFault_Handler
                0x000000000800098e        0x6 Core/Src/stm32f4xx_it.o
                0x000000000800098e                BusFault_Handler
 .text.UsageFault_Handler
                0x0000000008000994        0x6 Core/Src/stm32f4xx_it.o
                0x0000000008000994                UsageFault_Handler
 .text.SVC_Handler
                0x000000000800099a        0xe Core/Src/stm32f4xx_it.o
                0x000000000800099a                SVC_Handler
 .text.DebugMon_Handler
                0x00000000080009a8        0xe Core/Src/stm32f4xx_it.o
                0x00000000080009a8                DebugMon_Handler
 .text.SysTick_Handler
                0x00000000080009b6       0x28 Core/Src/stm32f4xx_it.o
                0x00000000080009b6                SysTick_Handler
 *fill*         0x00000000080009de        0x2 
 .text.TIM5_IRQHandler
                0x00000000080009e0       0x14 Core/Src/stm32f4xx_it.o
                0x00000000080009e0                TIM5_IRQHandler
 .text.SystemInit
                0x00000000080009f4       0x24 Core/Src/system_stm32f4xx.o
                0x00000000080009f4                SystemInit
 .text.MX_USART2_UART_Init
                0x0000000008000a18       0x54 Core/Src/usart.o
                0x0000000008000a18                MX_USART2_UART_Init
 .text.HAL_UART_MspInit
                0x0000000008000a6c       0x90 Core/Src/usart.o
                0x0000000008000a6c                HAL_UART_MspInit
 .text.Reset_Handler
                0x0000000008000afc       0x50 Core/Startup/startup_stm32f411retx.o
                0x0000000008000afc                Reset_Handler
 .text.Default_Handler
                0x0000000008000b4c        0x2 Core/Startup/startup_stm32f411retx.o
                0x0000000008000b4c                RTC_Alarm_IRQHandler
                0x0000000008000b4c                EXTI2_IRQHandler
                0x0000000008000b4c                SPI4_IRQHandler
                0x0000000008000b4c                TIM1_CC_IRQHandler
                0x0000000008000b4c                DMA2_Stream5_IRQHandler
                0x0000000008000b4c                DMA1_Stream5_IRQHandler
                0x0000000008000b4c                PVD_IRQHandler
                0x0000000008000b4c                SDIO_IRQHandler
                0x0000000008000b4c                TAMP_STAMP_IRQHandler
                0x0000000008000b4c                EXTI3_IRQHandler
                0x0000000008000b4c                TIM1_UP_TIM10_IRQHandler
                0x0000000008000b4c                I2C3_ER_IRQHandler
                0x0000000008000b4c                EXTI0_IRQHandler
                0x0000000008000b4c                I2C2_EV_IRQHandler
                0x0000000008000b4c                DMA1_Stream2_IRQHandler
                0x0000000008000b4c                FPU_IRQHandler
                0x0000000008000b4c                DMA2_Stream2_IRQHandler
                0x0000000008000b4c                SPI1_IRQHandler
                0x0000000008000b4c                TIM1_BRK_TIM9_IRQHandler
                0x0000000008000b4c                DMA2_Stream3_IRQHandler
                0x0000000008000b4c                USART6_IRQHandler
                0x0000000008000b4c                DMA2_Stream0_IRQHandler
                0x0000000008000b4c                TIM4_IRQHandler
                0x0000000008000b4c                I2C1_EV_IRQHandler
                0x0000000008000b4c                DMA1_Stream6_IRQHandler
                0x0000000008000b4c                DMA1_Stream1_IRQHandler
                0x0000000008000b4c                TIM3_IRQHandler
                0x0000000008000b4c                RCC_IRQHandler
                0x0000000008000b4c                Default_Handler
                0x0000000008000b4c                EXTI15_10_IRQHandler
                0x0000000008000b4c                ADC_IRQHandler
                0x0000000008000b4c                DMA1_Stream7_IRQHandler
                0x0000000008000b4c                SPI5_IRQHandler
                0x0000000008000b4c                DMA2_Stream7_IRQHandler
                0x0000000008000b4c                I2C3_EV_IRQHandler
                0x0000000008000b4c                EXTI9_5_IRQHandler
                0x0000000008000b4c                RTC_WKUP_IRQHandler
                0x0000000008000b4c                SPI2_IRQHandler
                0x0000000008000b4c                DMA1_Stream0_IRQHandler
                0x0000000008000b4c                EXTI4_IRQHandler
                0x0000000008000b4c                WWDG_IRQHandler
                0x0000000008000b4c                TIM2_IRQHandler
                0x0000000008000b4c                OTG_FS_WKUP_IRQHandler
                0x0000000008000b4c                TIM1_TRG_COM_TIM11_IRQHandler
                0x0000000008000b4c                EXTI1_IRQHandler
                0x0000000008000b4c                USART2_IRQHandler
                0x0000000008000b4c                I2C2_ER_IRQHandler
                0x0000000008000b4c                DMA2_Stream1_IRQHandler
                0x0000000008000b4c                FLASH_IRQHandler
                0x0000000008000b4c                DMA2_Stream4_IRQHandler
                0x0000000008000b4c                USART1_IRQHandler
                0x0000000008000b4c                OTG_FS_IRQHandler
                0x0000000008000b4c                SPI3_IRQHandler
                0x0000000008000b4c                DMA1_Stream4_IRQHandler
                0x0000000008000b4c                I2C1_ER_IRQHandler
                0x0000000008000b4c                DMA2_Stream6_IRQHandler
                0x0000000008000b4c                DMA1_Stream3_IRQHandler
 *fill*         0x0000000008000b4e        0x2 
 .text.HAL_Init
                0x0000000008000b50       0x44 Drivers/STM32F4xx_HAL_Driver/Src/stm32f4xx_hal.o
                0x0000000008000b50                HAL_Init
 .text.HAL_IncTick
                0x0000000008000b94       0x28 Drivers/STM32F4xx_HAL_Driver/Src/stm32f4xx_hal.o
                0x0000000008000b94                HAL_IncTick
 .text.HAL_GetTick
                0x0000000008000bbc       0x18 Drivers/STM32F4xx_HAL_Driver/Src/stm32f4xx_hal.o
                0x0000000008000bbc                HAL_GetTick
 .text.__NVIC_SetPriorityGrouping
                0x0000000008000bd4       0x48 Drivers/STM32F4xx_HAL_Driver/Src/stm32f4xx_hal_cortex.o
 .text.__NVIC_GetPriorityGrouping
                0x0000000008000c1c       0x1c Drivers/STM32F4xx_HAL_Driver/Src/stm32f4xx_hal_cortex.o
 .text.__NVIC_EnableIRQ
                0x0000000008000c38       0x3c Drivers/STM32F4xx_HAL_Driver/Src/stm32f4xx_hal_cortex.o
 .text.__NVIC_SetPriority
                0x0000000008000c74       0x54 Drivers/STM32F4xx_HAL_Driver/Src/stm32f4xx_hal_cortex.o
 .text.NVIC_EncodePriority
                0x0000000008000cc8       0x66 Drivers/STM32F4xx_HAL_Driver/Src/stm32f4xx_hal_cortex.o
 .text.HAL_NVIC_SetPriorityGrouping
                0x0000000008000d2e       0x16 Drivers/STM32F4xx_HAL_Driver/Src/stm32f4xx_hal_cortex.o
                0x0000000008000d2e                HAL_NVIC_SetPriorityGrouping
 .text.HAL_NVIC_SetPriority
                0x0000000008000d44       0x38 Drivers/STM32F4xx_HAL_Driver/Src/stm32f4xx_hal_cortex.o
                0x0000000008000d44                HAL_NVIC_SetPriority
 .text.HAL_NVIC_EnableIRQ
                0x0000000008000d7c       0x1c Drivers/STM32F4xx_HAL_Driver/Src/stm32f4xx_hal_cortex.o
                0x0000000008000d7c                HAL_NVIC_EnableIRQ
 .text.HAL_GPIO_Init
                0x0000000008000d98      0x308 Drivers/STM32F4xx_HAL_Driver/Src/stm32f4xx_hal_gpio.o
                0x0000000008000d98                HAL_GPIO_Init
 .text.HAL_GPIO_WritePin
                0x00000000080010a0       0x32 Drivers/STM32F4xx_HAL_Driver/Src/stm32f4xx_hal_gpio.o
                0x00000000080010a0                HAL_GPIO_WritePin
 *fill*         0x00000000080010d2        0x2 
 .text.HAL_RCC_OscConfig
                0x00000000080010d4      0x4f0 Drivers/STM32F4xx_HAL_Driver/Src/stm32f4xx_hal_rcc.o
                0x00000000080010d4                HAL_RCC_OscConfig
 .text.HAL_RCC_ClockConfig
                0x00000000080015c4      0x1cc Drivers/STM32F4xx_HAL_Driver/Src/stm32f4xx_hal_rcc.o
                0x00000000080015c4                HAL_RCC_ClockConfig
 .text.HAL_RCC_GetSysClockFreq
                0x0000000008001790      0x1c4 Drivers/STM32F4xx_HAL_Driver/Src/stm32f4xx_hal_rcc.o
                0x0000000008001790                HAL_RCC_GetSysClockFreq
 .text.HAL_RCC_GetHCLKFreq
                0x0000000008001954       0x18 Drivers/STM32F4xx_HAL_Driver/Src/stm32f4xx_hal_rcc.o
                0x0000000008001954                HAL_RCC_GetHCLKFreq
 .text.HAL_RCC_GetPCLK1Freq
                0x000000000800196c       0x28 Drivers/STM32F4xx_HAL_Driver/Src/stm32f4xx_hal_rcc.o
                0x000000000800196c                HAL_RCC_GetPCLK1Freq
 .text.HAL_RCC_GetPCLK2Freq
                0x0000000008001994       0x28 Drivers/STM32F4xx_HAL_Driver/Src/stm32f4xx_hal_rcc.o
                0x0000000008001994                HAL_RCC_GetPCLK2Freq
 .text.HAL_RCC_GetClockConfig
                0x00000000080019bc       0x64 Drivers/STM32F4xx_HAL_Driver/Src/stm32f4xx_hal_rcc.o
                0x00000000080019bc                HAL_RCC_GetClockConfig
 .text.HAL_TIM_Base_Init
                0x0000000008001a20       0x9e Drivers/STM32F4xx_HAL_Driver/Src/stm32f4xx_hal_tim.o
                0x0000000008001a20                HAL_TIM_Base_Init
 .text.HAL_TIM_Base_MspInit
                0x0000000008001abe       0x14 Drivers/STM32F4xx_HAL_Driver/Src/stm32f4xx_hal_tim.o
                0x0000000008001abe                HAL_TIM_Base_MspInit
 *fill*         0x0000000008001ad2        0x2 
 .text.HAL_TIM_Base_Start_IT
                0x0000000008001ad4       0xc4 Drivers/STM32F4xx_HAL_Driver/Src/stm32f4xx_hal_tim.o
                0x0000000008001ad4                HAL_TIM_Base_Start_IT
 .text.HAL_TIM_IRQHandler
                0x0000000008001b98      0x210 Drivers/STM32F4xx_HAL_Driver/Src/stm32f4xx_hal_tim.o
                0x0000000008001b98                HAL_TIM_IRQHandler
 .text.HAL_TIM_OC_DelayElapsedCallback
                0x0000000008001da8       0x14 Drivers/STM32F4xx_HAL_Driver/Src/stm32f4xx_hal_tim.o
                0x0000000008001da8                HAL_TIM_OC_DelayElapsedCallback
 .text.HAL_TIM_IC_CaptureCallback
                0x0000000008001dbc       0x14 Drivers/STM32F4xx_HAL_Driver/Src/stm32f4xx_hal_tim.o
                0x0000000008001dbc                HAL_TIM_IC_CaptureCallback
 .text.HAL_TIM_PWM_PulseFinishedCallback
                0x0000000008001dd0       0x14 Drivers/STM32F4xx_HAL_Driver/Src/stm32f4xx_hal_tim.o
                0x0000000008001dd0                HAL_TIM_PWM_PulseFinishedCallback
 .text.HAL_TIM_TriggerCallback
                0x0000000008001de4       0x14 Drivers/STM32F4xx_HAL_Driver/Src/stm32f4xx_hal_tim.o
                0x0000000008001de4                HAL_TIM_TriggerCallback
 .text.TIM_Base_SetConfig
                0x0000000008001df8      0x100 Drivers/STM32F4xx_HAL_Driver/Src/stm32f4xx_hal_tim.o
                0x0000000008001df8                TIM_Base_SetConfig
 .text.HAL_TIMEx_CommutCallback
                0x0000000008001ef8       0x14 Drivers/STM32F4xx_HAL_Driver/Src/stm32f4xx_hal_tim_ex.o
                0x0000000008001ef8                HAL_TIMEx_CommutCallback
 .text.HAL_TIMEx_BreakCallback
                0x0000000008001f0c       0x14 Drivers/STM32F4xx_HAL_Driver/Src/stm32f4xx_hal_tim_ex.o
                0x0000000008001f0c                HAL_TIMEx_BreakCallback
 .text.HAL_UART_Init
                0x0000000008001f20       0x9a Drivers/STM32F4xx_HAL_Driver/Src/stm32f4xx_hal_uart.o
                0x0000000008001f20                HAL_UART_Init
 *fill*         0x0000000008001fba        0x2 
 .text.UART_SetConfig
                0x0000000008001fbc      0x390 Drivers/STM32F4xx_HAL_Driver/Src/stm32f4xx_hal_uart.o
 .text.OSInitHookBegin
                0x000000000800234c       0x80 uCOS2/Ports/ARM-Cortex-M/ARMv7-M/os_cpu_c.o
                0x000000000800234c                OSInitHookBegin
 .text.OSInitHookEnd
                0x00000000080023cc        0xe uCOS2/Ports/ARM-Cortex-M/ARMv7-M/os_cpu_c.o
                0x00000000080023cc                OSInitHookEnd
 .text.OSTaskCreateHook
                0x00000000080023da       0x14 uCOS2/Ports/ARM-Cortex-M/ARMv7-M/os_cpu_c.o
                0x00000000080023da                OSTaskCreateHook
 .text.OSTaskDelHook
                0x00000000080023ee       0x14 uCOS2/Ports/ARM-Cortex-M/ARMv7-M/os_cpu_c.o
                0x00000000080023ee                OSTaskDelHook
 .text.OSTaskIdleHook
                0x0000000008002402        0xe uCOS2/Ports/ARM-Cortex-M/ARMv7-M/os_cpu_c.o
                0x0000000008002402                OSTaskIdleHook
 .text.OSTaskReturnHook
                0x0000000008002410       0x14 uCOS2/Ports/ARM-Cortex-M/ARMv7-M/os_cpu_c.o
                0x0000000008002410                OSTaskReturnHook
 .text.OSTaskStatHook
                0x0000000008002424        0xe uCOS2/Ports/ARM-Cortex-M/ARMv7-M/os_cpu_c.o
                0x0000000008002424                OSTaskStatHook
 *fill*         0x0000000008002432        0x2 
 .text.OSTaskStkInit
                0x0000000008002434      0x320 uCOS2/Ports/ARM-Cortex-M/ARMv7-M/os_cpu_c.o
                0x0000000008002434                OSTaskStkInit
 .text.OSTaskSwHook
                0x0000000008002754       0x28 uCOS2/Ports/ARM-Cortex-M/ARMv7-M/os_cpu_c.o
                0x0000000008002754                OSTaskSwHook
 .text.OSTCBInitHook
                0x000000000800277c       0x14 uCOS2/Ports/ARM-Cortex-M/ARMv7-M/os_cpu_c.o
                0x000000000800277c                OSTCBInitHook
 .text.OSTimeTickHook
                0x0000000008002790       0x2c uCOS2/Ports/ARM-Cortex-M/ARMv7-M/os_cpu_c.o
                0x0000000008002790                OSTimeTickHook
 .text.OS_CPU_SysTickInitFreq
                0x00000000080027bc       0x28 uCOS2/Ports/ARM-Cortex-M/ARMv7-M/os_cpu_c.o
                0x00000000080027bc                OS_CPU_SysTickInitFreq
 .text.OS_CPU_SysTickInit
                0x00000000080027e4       0x64 uCOS2/Ports/ARM-Cortex-M/ARMv7-M/os_cpu_c.o
                0x00000000080027e4                OS_CPU_SysTickInit
 .text.OSEventNameSet
                0x0000000008002848       0x74 uCOS2/Source/os_core.o
                0x0000000008002848                OSEventNameSet
 .text.OSInit   0x00000000080028bc       0x2c uCOS2/Source/os_core.o
                0x00000000080028bc                OSInit
 .text.OSIntEnter
                0x00000000080028e8       0x34 uCOS2/Source/os_core.o
                0x00000000080028e8                OSIntEnter
 .text.OSIntExit
                0x000000000800291c       0xa4 uCOS2/Source/os_core.o
                0x000000000800291c                OSIntExit
 .text.OSSchedLock
                0x00000000080029c0       0x50 uCOS2/Source/os_core.o
                0x00000000080029c0                OSSchedLock
 .text.OSSchedUnlock
                0x0000000008002a10       0x74 uCOS2/Source/os_core.o
                0x0000000008002a10                OSSchedUnlock
 .text.OSStart  0x0000000008002a84       0x50 uCOS2/Source/os_core.o
                0x0000000008002a84                OSStart
 .text.OSTimeTick
                0x0000000008002ad4      0x144 uCOS2/Source/os_core.o
                0x0000000008002ad4                OSTimeTick
 .text.OS_Dummy
                0x0000000008002c18        0xe uCOS2/Source/os_core.o
                0x0000000008002c18                OS_Dummy
 *fill*         0x0000000008002c26        0x2 
 .text.OS_EventTaskRdy
                0x0000000008002c28       0xe4 uCOS2/Source/os_core.o
                0x0000000008002c28                OS_EventTaskRdy
 .text.OS_EventTaskWait
                0x0000000008002d0c       0xb0 uCOS2/Source/os_core.o
                0x0000000008002d0c                OS_EventTaskWait
 .text.OS_EventTaskRemove
                0x0000000008002dbc       0x66 uCOS2/Source/os_core.o
                0x0000000008002dbc                OS_EventTaskRemove
 .text.OS_EventTaskRemoveMulti
                0x0000000008002e22       0x88 uCOS2/Source/os_core.o
                0x0000000008002e22                OS_EventTaskRemoveMulti
 .text.OS_EventWaitListInit
                0x0000000008002eaa       0x38 uCOS2/Source/os_core.o
                0x0000000008002eaa                OS_EventWaitListInit
 *fill*         0x0000000008002ee2        0x2 
 .text.OS_InitEventList
                0x0000000008002ee4       0x94 uCOS2/Source/os_core.o
 .text.OS_InitMisc
                0x0000000008002f78       0x7c uCOS2/Source/os_core.o
 .text.OS_InitRdyList
                0x0000000008002ff4       0x64 uCOS2/Source/os_core.o
 .text.OS_InitTaskIdle
                0x0000000008003058       0x4c uCOS2/Source/os_core.o
 .text.OS_InitTaskStat
                0x00000000080030a4       0x4c uCOS2/Source/os_core.o
 .text.OS_InitTCBList
                0x00000000080030f0       0xa4 uCOS2/Source/os_core.o
 .text.OS_MemClr
                0x0000000008003194       0x32 uCOS2/Source/os_core.o
                0x0000000008003194                OS_MemClr
 *fill*         0x00000000080031c6        0x2 
 .text.OS_Sched
                0x00000000080031c8       0x84 uCOS2/Source/os_core.o
                0x00000000080031c8                OS_Sched
 .text.OS_SchedNew
                0x000000000800324c       0x48 uCOS2/Source/os_core.o
 .text.OS_TaskIdle
                0x0000000008003294       0x30 uCOS2/Source/os_core.o
                0x0000000008003294                OS_TaskIdle
 .text.OS_TaskStat
                0x00000000080032c4       0xf0 uCOS2/Source/os_core.o
                0x00000000080032c4                OS_TaskStat
 .text.OS_TaskStatStkChk
                0x00000000080033b4       0x68 uCOS2/Source/os_core.o
                0x00000000080033b4                OS_TaskStatStkChk
 .text.OS_TCBInit
                0x000000000800341c      0x1e4 uCOS2/Source/os_core.o
                0x000000000800341c                OS_TCBInit
 .text.OSSemCreate
                0x0000000008003600       0x7c uCOS2/Source/os_sem.o
                0x0000000008003600                OSSemCreate
 .text.OSSemPend
                0x000000000800367c      0x134 uCOS2/Source/os_sem.o
                0x000000000800367c                OSSemPend
 .text.OSSemPost
                0x00000000080037b0       0x7e uCOS2/Source/os_sem.o
                0x00000000080037b0                OSSemPost
 *fill*         0x000000000800382e        0x2 
 .text.OSTaskCreate
                0x0000000008003830       0xc8 uCOS2/Source/os_task.o
                0x0000000008003830                OSTaskCreate
 .text.OSTaskCreateExt
                0x00000000080038f8       0xd8 uCOS2/Source/os_task.o
                0x00000000080038f8                OSTaskCreateExt
 .text.OSTaskDel
                0x00000000080039d0      0x1e0 uCOS2/Source/os_task.o
                0x00000000080039d0                OSTaskDel
 .text.OSTaskNameSet
                0x0000000008003bb0       0xb4 uCOS2/Source/os_task.o
                0x0000000008003bb0                OSTaskNameSet
 .text.OSTaskStkChk
                0x0000000008003c64       0xdc uCOS2/Source/os_task.o
                0x0000000008003c64                OSTaskStkChk
 .text.OSTaskSuspend
                0x0000000008003d40      0x108 uCOS2/Source/os_task.o
                0x0000000008003d40                OSTaskSuspend
 .text.OS_TaskReturn
                0x0000000008003e48       0x1c uCOS2/Source/os_task.o
                0x0000000008003e48                OS_TaskReturn
 .text.OS_TaskStkClr
                0x0000000008003e64       0x46 uCOS2/Source/os_task.o
                0x0000000008003e64                OS_TaskStkClr
 *fill*         0x0000000008003eaa        0x2 
 .text.OSTimeDly
                0x0000000008003eac       0xa8 uCOS2/Source/os_time.o
                0x0000000008003eac                OSTimeDly
 .text.OSTmrSignal
                0x0000000008003f54       0x24 uCOS2/Source/os_tmr.o
                0x0000000008003f54                OSTmrSignal
 .text.OSTmr_Init
                0x0000000008003f78      0x118 uCOS2/Source/os_tmr.o
                0x0000000008003f78                OSTmr_Init
 .text.OSTmr_InitTask
                0x0000000008004090       0x4c uCOS2/Source/os_tmr.o
 .text.OSTmr_Link
                0x00000000080040dc       0xd8 uCOS2/Source/os_tmr.o
 .text.OSTmr_Unlink
                0x00000000080041b4       0xa8 uCOS2/Source/os_tmr.o
 .text.OSTmr_Task
                0x000000000800425c       0xc4 uCOS2/Source/os_tmr.o
 .text.__libc_init_array
                0x0000000008004320       0x48 /opt/st/stm32cubeide_1.6.0/plugins/com.st.stm32cube.ide.mcu.externaltools.gnu-tools-for-stm32.9-2020-q2-update.linux64_1.5.0.202011040924/tools/bin/../lib/gcc/arm-none-eabi/9.3.1/../../../../arm-none-eabi/lib/thumb/v7e-m+fp/hard/libc_nano.a(lib_a-init.o)
                0x0000000008004320                __libc_init_array
 .text.memset   0x0000000008004368       0x10 /opt/st/stm32cubeide_1.6.0/plugins/com.st.stm32cube.ide.mcu.externaltools.gnu-tools-for-stm32.9-2020-q2-update.linux64_1.5.0.202011040924/tools/bin/../lib/gcc/arm-none-eabi/9.3.1/../../../../arm-none-eabi/lib/thumb/v7e-m+fp/hard/libc_nano.a(lib_a-memset.o)
                0x0000000008004368                memset
 *(.glue_7)
 .glue_7        0x0000000008004378        0x0 linker stubs
 *(.glue_7t)
 .glue_7t       0x0000000008004378        0x0 linker stubs
 *(.eh_frame)
 .eh_frame      0x0000000008004378        0x0 /opt/st/stm32cubeide_1.6.0/plugins/com.st.stm32cube.ide.mcu.externaltools.gnu-tools-for-stm32.9-2020-q2-update.linux64_1.5.0.202011040924/tools/bin/../lib/gcc/arm-none-eabi/9.3.1/thumb/v7e-m+fp/hard/crtbegin.o
 *(.init)
 .init          0x0000000008004378        0x4 /opt/st/stm32cubeide_1.6.0/plugins/com.st.stm32cube.ide.mcu.externaltools.gnu-tools-for-stm32.9-2020-q2-update.linux64_1.5.0.202011040924/tools/bin/../lib/gcc/arm-none-eabi/9.3.1/thumb/v7e-m+fp/hard/crti.o
                0x0000000008004378                _init
 .init          0x000000000800437c        0x8 /opt/st/stm32cubeide_1.6.0/plugins/com.st.stm32cube.ide.mcu.externaltools.gnu-tools-for-stm32.9-2020-q2-update.linux64_1.5.0.202011040924/tools/bin/../lib/gcc/arm-none-eabi/9.3.1/thumb/v7e-m+fp/hard/crtn.o
 *(.fini)
 .fini          0x0000000008004384        0x4 /opt/st/stm32cubeide_1.6.0/plugins/com.st.stm32cube.ide.mcu.externaltools.gnu-tools-for-stm32.9-2020-q2-update.linux64_1.5.0.202011040924/tools/bin/../lib/gcc/arm-none-eabi/9.3.1/thumb/v7e-m+fp/hard/crti.o
                0x0000000008004384                _fini
 .fini          0x0000000008004388        0x8 /opt/st/stm32cubeide_1.6.0/plugins/com.st.stm32cube.ide.mcu.externaltools.gnu-tools-for-stm32.9-2020-q2-update.linux64_1.5.0.202011040924/tools/bin/../lib/gcc/arm-none-eabi/9.3.1/thumb/v7e-m+fp/hard/crtn.o
                0x0000000008004390                . = ALIGN (0x4)
                0x0000000008004390                _etext = .

.vfp11_veneer   0x0000000008004390        0x0
 .vfp11_veneer  0x0000000008004390        0x0 linker stubs

.v4_bx          0x0000000008004390        0x0
 .v4_bx         0x0000000008004390        0x0 linker stubs

.iplt           0x0000000008004390        0x0
 .iplt          0x0000000008004390        0x0 /opt/st/stm32cubeide_1.6.0/plugins/com.st.stm32cube.ide.mcu.externaltools.gnu-tools-for-stm32.9-2020-q2-update.linux64_1.5.0.202011040924/tools/bin/../lib/gcc/arm-none-eabi/9.3.1/thumb/v7e-m+fp/hard/crtbegin.o

.rodata         0x0000000008004390      0x180
                0x0000000008004390                . = ALIGN (0x4)
 *(.rodata)
 .rodata        0x0000000008004390       0x22 uCOS2/Source/os_core.o
 *fill*         0x00000000080043b2        0x2 
 .rodata        0x00000000080043b4        0x2 uCOS2/Source/os_sem.o
 *fill*         0x00000000080043b6        0x2 
 .rodata        0x00000000080043b8        0x2 uCOS2/Source/os_task.o
 *fill*         0x00000000080043ba        0x2 
 .rodata        0x00000000080043bc       0x39 uCOS2/Source/os_tmr.o
 *(.rodata*)
 *fill*         0x00000000080043f5        0x3 
 .rodata.AHBPrescTable
                0x00000000080043f8       0x10 Core/Src/system_stm32f4xx.o
                0x00000000080043f8                AHBPrescTable
 .rodata.APBPrescTable
                0x0000000008004408        0x8 Core/Src/system_stm32f4xx.o
                0x0000000008004408                APBPrescTable
 .rodata.OSUnMapTbl
                0x0000000008004410      0x100 uCOS2/Source/os_core.o
                0x0000000008004410                OSUnMapTbl
                0x0000000008004510                . = ALIGN (0x4)

.ARM.extab      0x0000000008004510        0x0
                0x0000000008004510                . = ALIGN (0x4)
 *(.ARM.extab* .gnu.linkonce.armextab.*)
                0x0000000008004510                . = ALIGN (0x4)

.ARM            0x0000000008004510        0x8
                0x0000000008004510                . = ALIGN (0x4)
                0x0000000008004510                __exidx_start = .
 *(.ARM.exidx*)
 .ARM.exidx     0x0000000008004510        0x8 /opt/st/stm32cubeide_1.6.0/plugins/com.st.stm32cube.ide.mcu.externaltools.gnu-tools-for-stm32.9-2020-q2-update.linux64_1.5.0.202011040924/tools/bin/../lib/gcc/arm-none-eabi/9.3.1/thumb/v7e-m+fp/hard/libgcc.a(_udivmoddi4.o)
                0x0000000008004518                __exidx_end = .
                0x0000000008004518                . = ALIGN (0x4)

.rel.dyn        0x0000000008004518        0x0
 .rel.iplt      0x0000000008004518        0x0 /opt/st/stm32cubeide_1.6.0/plugins/com.st.stm32cube.ide.mcu.externaltools.gnu-tools-for-stm32.9-2020-q2-update.linux64_1.5.0.202011040924/tools/bin/../lib/gcc/arm-none-eabi/9.3.1/thumb/v7e-m+fp/hard/crtbegin.o

.preinit_array  0x0000000008004518        0x0
                0x0000000008004518                . = ALIGN (0x4)
                0x0000000008004518                PROVIDE (__preinit_array_start = .)
 *(.preinit_array*)
                0x0000000008004518                PROVIDE (__preinit_array_end = .)
                0x0000000008004518                . = ALIGN (0x4)

.init_array     0x0000000008004518        0x4
                0x0000000008004518                . = ALIGN (0x4)
                0x0000000008004518                PROVIDE (__init_array_start = .)
 *(SORT_BY_NAME(.init_array.*))
 *(.init_array*)
 .init_array    0x0000000008004518        0x4 /opt/st/stm32cubeide_1.6.0/plugins/com.st.stm32cube.ide.mcu.externaltools.gnu-tools-for-stm32.9-2020-q2-update.linux64_1.5.0.202011040924/tools/bin/../lib/gcc/arm-none-eabi/9.3.1/thumb/v7e-m+fp/hard/crtbegin.o
                0x000000000800451c                PROVIDE (__init_array_end = .)
                0x000000000800451c                . = ALIGN (0x4)

.fini_array     0x000000000800451c        0x4
                0x000000000800451c                . = ALIGN (0x4)
                [!provide]                        PROVIDE (__fini_array_start = .)
 *(SORT_BY_NAME(.fini_array.*))
 *(.fini_array*)
 .fini_array    0x000000000800451c        0x4 /opt/st/stm32cubeide_1.6.0/plugins/com.st.stm32cube.ide.mcu.externaltools.gnu-tools-for-stm32.9-2020-q2-update.linux64_1.5.0.202011040924/tools/bin/../lib/gcc/arm-none-eabi/9.3.1/thumb/v7e-m+fp/hard/crtbegin.o
                [!provide]                        PROVIDE (__fini_array_end = .)
                0x0000000008004520                . = ALIGN (0x4)
                0x0000000008004520                _sidata = LOADADDR (.data)

.data           0x0000000020000000        0xc load address 0x0000000008004520
                0x0000000020000000                . = ALIGN (0x4)
                0x0000000020000000                _sdata = .
 *(.data)
 *(.data*)
 .data.SystemCoreClock
                0x0000000020000000        0x4 Core/Src/system_stm32f4xx.o
                0x0000000020000000                SystemCoreClock
 .data.uwTickPrio
                0x0000000020000004        0x4 Drivers/STM32F4xx_HAL_Driver/Src/stm32f4xx_hal.o
                0x0000000020000004                uwTickPrio
 .data.uwTickFreq
                0x0000000020000008        0x1 Drivers/STM32F4xx_HAL_Driver/Src/stm32f4xx_hal.o
                0x0000000020000008                uwTickFreq
 *(.RamFunc)
 *(.RamFunc*)
                0x000000002000000c                . = ALIGN (0x4)
 *fill*         0x0000000020000009        0x3 
                0x000000002000000c                _edata = .

.igot.plt       0x000000002000000c        0x0 load address 0x000000000800452c
 .igot.plt      0x000000002000000c        0x0 /opt/st/stm32cubeide_1.6.0/plugins/com.st.stm32cube.ide.mcu.externaltools.gnu-tools-for-stm32.9-2020-q2-update.linux64_1.5.0.202011040924/tools/bin/../lib/gcc/arm-none-eabi/9.3.1/thumb/v7e-m+fp/hard/crtbegin.o
                0x000000002000000c                . = ALIGN (0x4)

.bss            0x000000002000000c     0x1ea8 load address 0x000000000800452c
                0x000000002000000c                _sbss = .
                0x000000002000000c                __bss_start__ = _sbss
 *(.bss)
 .bss           0x000000002000000c       0x1c /opt/st/stm32cubeide_1.6.0/plugins/com.st.stm32cube.ide.mcu.externaltools.gnu-tools-for-stm32.9-2020-q2-update.linux64_1.5.0.202011040924/tools/bin/../lib/gcc/arm-none-eabi/9.3.1/thumb/v7e-m+fp/hard/crtbegin.o
 *(.bss*)
 .bss.OSTmrCtr  0x0000000020000028        0x2 uCOS2/Ports/ARM-Cortex-M/ARMv7-M/os_cpu_c.o
 *(COMMON)
 *fill*         0x000000002000002a        0x2 
 COMMON         0x000000002000002c      0x800 Core/Src/main.o
                0x000000002000002c                task00_stack
 COMMON         0x000000002000082c       0x48 Core/Src/stm32f4xx_hal_timebase_tim.o
                0x000000002000082c                htim5
 COMMON         0x0000000020000874       0x44 Core/Src/usart.o
                0x0000000020000874                huart2
 COMMON         0x00000000200008b8        0x4 Drivers/STM32F4xx_HAL_Driver/Src/stm32f4xx_hal.o
                0x00000000200008b8                uwTick
 COMMON         0x00000000200008bc      0x408 uCOS2/Ports/ARM-Cortex-M/ARMv7-M/os_cpu_c.o
                0x00000000200008bc                OS_CPU_ExceptStkBase
                0x00000000200008c0                OS_KA_BASEPRI_Boundary
                0x00000000200008c4                OS_CPU_ExceptStk
 COMMON         0x0000000020000cc4     0x11f0 uCOS2/Source/os_core.o
                0x0000000020000cc4                OSTmrFreeList
                0x0000000020000cc8                OSTmrWheelTbl
                0x0000000020000d00                OSLockNesting
                0x0000000020000d04                OSTmrSemSignal
                0x0000000020000d08                OSTaskRegNextAvailID
                0x0000000020000d09                OSRunning
                0x0000000020000d0c                OSIdleCtr
                0x0000000020000d10                OSTmrUsed
                0x0000000020000d12                OSPrioHighRdy
                0x0000000020000d14                OSTmrTbl
                0x0000000020000f94                OSPrioCur
                0x0000000020000f98                OSTCBList
                0x0000000020000f9c                OSTickStepState
                0x0000000020000fa0                OSTaskStatStk
                0x00000000200011a0                OSCtxSwCtr
                0x00000000200011a4                OSTmrFree
                0x00000000200011a8                OSIdleCtrMax
                0x00000000200011ac                OSTCBFreeList
                0x00000000200011b0                OSCPUUsage
                0x00000000200011b1                OSTaskCtr
                0x00000000200011b4                OSTCBHighRdy
                0x00000000200011b8                OSRdyGrp
                0x00000000200011bc                OSRdyTbl
                0x00000000200011c4                OSTmrTaskStk
                0x00000000200013c4                OSEventFreeList
                0x00000000200013c8                OSIntNesting
                0x00000000200013cc                OSTCBCur
                0x00000000200013d0                OSTmrTime
                0x00000000200013d4                OSTime
                0x00000000200013d8                OSTmrSem
                0x00000000200013dc                OSTaskIdleStk
                0x00000000200015dc                OSEventTbl
                0x00000000200016cc                OSTCBTbl
                0x0000000020001dac                OSStatRdy
                0x0000000020001db0                OSTCBPrioTbl
                0x0000000020001eb0                OSIdleCtrRun
                0x0000000020001eb4                . = ALIGN (0x4)
                0x0000000020001eb4                _ebss = .
                0x0000000020001eb4                __bss_end__ = _ebss

._user_heap_stack
                0x0000000020001eb4      0x604 load address 0x000000000800452c
                0x0000000020001eb8                . = ALIGN (0x8)
 *fill*         0x0000000020001eb4        0x4 
                [!provide]                        PROVIDE (end = .)
                0x0000000020001eb8                PROVIDE (_end = .)
                0x00000000200020b8                . = (. + _Min_Heap_Size)
 *fill*         0x0000000020001eb8      0x200 
                0x00000000200024b8                . = (. + _Min_Stack_Size)
 *fill*         0x00000000200020b8      0x400 
                0x00000000200024b8                . = ALIGN (0x8)

/DISCARD/
 libc.a(*)
 libm.a(*)
 libgcc.a(*)

.ARM.attributes
                0x0000000000000000       0x30
 *(.ARM.attributes)
 .ARM.attributes
                0x0000000000000000       0x1e /opt/st/stm32cubeide_1.6.0/plugins/com.st.stm32cube.ide.mcu.externaltools.gnu-tools-for-stm32.9-2020-q2-update.linux64_1.5.0.202011040924/tools/bin/../lib/gcc/arm-none-eabi/9.3.1/thumb/v7e-m+fp/hard/crti.o
 .ARM.attributes
                0x000000000000001e       0x34 /opt/st/stm32cubeide_1.6.0/plugins/com.st.stm32cube.ide.mcu.externaltools.gnu-tools-for-stm32.9-2020-q2-update.linux64_1.5.0.202011040924/tools/bin/../lib/gcc/arm-none-eabi/9.3.1/thumb/v7e-m+fp/hard/crtbegin.o
 .ARM.attributes
                0x0000000000000052       0x34 Core/Src/gpio.o
 .ARM.attributes
                0x0000000000000086       0x34 Core/Src/main.o
 .ARM.attributes
                0x00000000000000ba       0x34 Core/Src/stm32f4xx_hal_msp.o
 .ARM.attributes
                0x00000000000000ee       0x34 Core/Src/stm32f4xx_hal_timebase_tim.o
 .ARM.attributes
                0x0000000000000122       0x34 Core/Src/stm32f4xx_it.o
 .ARM.attributes
                0x0000000000000156       0x34 Core/Src/system_stm32f4xx.o
 .ARM.attributes
                0x000000000000018a       0x34 Core/Src/usart.o
 .ARM.attributes
                0x00000000000001be       0x21 Core/Startup/startup_stm32f411retx.o
 .ARM.attributes
                0x00000000000001df       0x34 Drivers/STM32F4xx_HAL_Driver/Src/stm32f4xx_hal.o
 .ARM.attributes
                0x0000000000000213       0x34 Drivers/STM32F4xx_HAL_Driver/Src/stm32f4xx_hal_cortex.o
 .ARM.attributes
                0x0000000000000247       0x34 Drivers/STM32F4xx_HAL_Driver/Src/stm32f4xx_hal_gpio.o
 .ARM.attributes
                0x000000000000027b       0x34 Drivers/STM32F4xx_HAL_Driver/Src/stm32f4xx_hal_rcc.o
 .ARM.attributes
                0x00000000000002af       0x34 Drivers/STM32F4xx_HAL_Driver/Src/stm32f4xx_hal_tim.o
 .ARM.attributes
                0x00000000000002e3       0x34 Drivers/STM32F4xx_HAL_Driver/Src/stm32f4xx_hal_tim_ex.o
 .ARM.attributes
                0x0000000000000317       0x34 Drivers/STM32F4xx_HAL_Driver/Src/stm32f4xx_hal_uart.o
 .ARM.attributes
                0x000000000000034b       0x20 uCOS2/Ports/ARM-Cortex-M/ARMv7-M/GNU/os_cpu_a.o
 .ARM.attributes
                0x000000000000036b       0x34 uCOS2/Ports/ARM-Cortex-M/ARMv7-M/os_cpu_c.o
 .ARM.attributes
                0x000000000000039f       0x34 uCOS2/Source/os_core.o
 .ARM.attributes
                0x00000000000003d3       0x34 uCOS2/Source/os_sem.o
 .ARM.attributes
                0x0000000000000407       0x34 uCOS2/Source/os_task.o
 .ARM.attributes
                0x000000000000043b       0x34 uCOS2/Source/os_time.o
 .ARM.attributes
                0x000000000000046f       0x34 uCOS2/Source/os_tmr.o
 .ARM.attributes
                0x00000000000004a3       0x34 /opt/st/stm32cubeide_1.6.0/plugins/com.st.stm32cube.ide.mcu.externaltools.gnu-tools-for-stm32.9-2020-q2-update.linux64_1.5.0.202011040924/tools/bin/../lib/gcc/arm-none-eabi/9.3.1/../../../../arm-none-eabi/lib/thumb/v7e-m+fp/hard/libc_nano.a(lib_a-init.o)
 .ARM.attributes
                0x00000000000004d7       0x34 /opt/st/stm32cubeide_1.6.0/plugins/com.st.stm32cube.ide.mcu.externaltools.gnu-tools-for-stm32.9-2020-q2-update.linux64_1.5.0.202011040924/tools/bin/../lib/gcc/arm-none-eabi/9.3.1/../../../../arm-none-eabi/lib/thumb/v7e-m+fp/hard/libc_nano.a(lib_a-memset.o)
 .ARM.attributes
                0x000000000000050b       0x1e /opt/st/stm32cubeide_1.6.0/plugins/com.st.stm32cube.ide.mcu.externaltools.gnu-tools-for-stm32.9-2020-q2-update.linux64_1.5.0.202011040924/tools/bin/../lib/gcc/arm-none-eabi/9.3.1/thumb/v7e-m+fp/hard/libgcc.a(_aeabi_uldivmod.o)
 .ARM.attributes
                0x0000000000000529       0x34 /opt/st/stm32cubeide_1.6.0/plugins/com.st.stm32cube.ide.mcu.externaltools.gnu-tools-for-stm32.9-2020-q2-update.linux64_1.5.0.202011040924/tools/bin/../lib/gcc/arm-none-eabi/9.3.1/thumb/v7e-m+fp/hard/libgcc.a(_udivmoddi4.o)
 .ARM.attributes
                0x000000000000055d       0x1e /opt/st/stm32cubeide_1.6.0/plugins/com.st.stm32cube.ide.mcu.externaltools.gnu-tools-for-stm32.9-2020-q2-update.linux64_1.5.0.202011040924/tools/bin/../lib/gcc/arm-none-eabi/9.3.1/thumb/v7e-m+fp/hard/libgcc.a(_dvmd_tls.o)
 .ARM.attributes
                0x000000000000057b       0x1e /opt/st/stm32cubeide_1.6.0/plugins/com.st.stm32cube.ide.mcu.externaltools.gnu-tools-for-stm32.9-2020-q2-update.linux64_1.5.0.202011040924/tools/bin/../lib/gcc/arm-none-eabi/9.3.1/thumb/v7e-m+fp/hard/crtn.o
OUTPUT(STM32F411XX.elf elf32-littlearm)
LOAD linker stubs
LOAD /opt/st/stm32cubeide_1.6.0/plugins/com.st.stm32cube.ide.mcu.externaltools.gnu-tools-for-stm32.9-2020-q2-update.linux64_1.5.0.202011040924/tools/bin/../lib/gcc/arm-none-eabi/9.3.1/../../../../arm-none-eabi/lib/thumb/v7e-m+fp/hard/libc.a
LOAD /opt/st/stm32cubeide_1.6.0/plugins/com.st.stm32cube.ide.mcu.externaltools.gnu-tools-for-stm32.9-2020-q2-update.linux64_1.5.0.202011040924/tools/bin/../lib/gcc/arm-none-eabi/9.3.1/../../../../arm-none-eabi/lib/thumb/v7e-m+fp/hard/libm.a
LOAD /opt/st/stm32cubeide_1.6.0/plugins/com.st.stm32cube.ide.mcu.externaltools.gnu-tools-for-stm32.9-2020-q2-update.linux64_1.5.0.202011040924/tools/bin/../lib/gcc/arm-none-eabi/9.3.1/thumb/v7e-m+fp/hard/libgcc.a

.debug_info     0x0000000000000000    0x16e3e
 .debug_info    0x0000000000000000      0x53e Core/Src/gpio.o
 .debug_info    0x000000000000053e     0x1de1 Core/Src/main.o
 .debug_info    0x000000000000231f      0x3c0 Core/Src/stm32f4xx_hal_msp.o
 .debug_info    0x00000000000026df      0xc00 Core/Src/stm32f4xx_hal_timebase_tim.o
 .debug_info    0x00000000000032df     0x16e7 Core/Src/stm32f4xx_it.o
 .debug_info    0x00000000000049c6      0x5d0 Core/Src/system_stm32f4xx.o
 .debug_info    0x0000000000004f96      0xa28 Core/Src/usart.o
 .debug_info    0x00000000000059be       0x22 Core/Startup/startup_stm32f411retx.o
 .debug_info    0x00000000000059e0      0x944 Drivers/STM32F4xx_HAL_Driver/Src/stm32f4xx_hal.o
 .debug_info    0x0000000000006324      0xe47 Drivers/STM32F4xx_HAL_Driver/Src/stm32f4xx_hal_cortex.o
 .debug_info    0x000000000000716b      0x862 Drivers/STM32F4xx_HAL_Driver/Src/stm32f4xx_hal_gpio.o
 .debug_info    0x00000000000079cd      0x9be Drivers/STM32F4xx_HAL_Driver/Src/stm32f4xx_hal_rcc.o
 .debug_info    0x000000000000838b     0x2c1a Drivers/STM32F4xx_HAL_Driver/Src/stm32f4xx_hal_tim.o
 .debug_info    0x000000000000afa5     0x159a Drivers/STM32F4xx_HAL_Driver/Src/stm32f4xx_hal_tim_ex.o
 .debug_info    0x000000000000c53f     0x31d6 Drivers/STM32F4xx_HAL_Driver/Src/stm32f4xx_hal_uart.o
 .debug_info    0x000000000000f715       0x26 uCOS2/Ports/ARM-Cortex-M/ARMv7-M/GNU/os_cpu_a.o
 .debug_info    0x000000000000f73b     0x11bd uCOS2/Ports/ARM-Cortex-M/ARMv7-M/os_cpu_c.o
 .debug_info    0x00000000000108f8     0x1963 uCOS2/Source/os_core.o
 .debug_info    0x000000000001225b     0x103d uCOS2/Source/os_sem.o
 .debug_info    0x0000000000013298     0x16b5 uCOS2/Source/os_task.o
 .debug_info    0x000000000001494d     0x10c1 uCOS2/Source/os_time.o
 .debug_info    0x0000000000015a0e     0x1430 uCOS2/Source/os_tmr.o

.debug_abbrev   0x0000000000000000     0x2d72
 .debug_abbrev  0x0000000000000000      0x14e Core/Src/gpio.o
 .debug_abbrev  0x000000000000014e      0x287 Core/Src/main.o
 .debug_abbrev  0x00000000000003d5      0x11d Core/Src/stm32f4xx_hal_msp.o
 .debug_abbrev  0x00000000000004f2      0x1d0 Core/Src/stm32f4xx_hal_timebase_tim.o
 .debug_abbrev  0x00000000000006c2      0x220 Core/Src/stm32f4xx_it.o
 .debug_abbrev  0x00000000000008e2      0x145 Core/Src/system_stm32f4xx.o
 .debug_abbrev  0x0000000000000a27      0x1bb Core/Src/usart.o
 .debug_abbrev  0x0000000000000be2       0x12 Core/Startup/startup_stm32f411retx.o
 .debug_abbrev  0x0000000000000bf4      0x21e Drivers/STM32F4xx_HAL_Driver/Src/stm32f4xx_hal.o
 .debug_abbrev  0x0000000000000e12      0x33c Drivers/STM32F4xx_HAL_Driver/Src/stm32f4xx_hal_cortex.o
 .debug_abbrev  0x000000000000114e      0x1f1 Drivers/STM32F4xx_HAL_Driver/Src/stm32f4xx_hal_gpio.o
 .debug_abbrev  0x000000000000133f      0x275 Drivers/STM32F4xx_HAL_Driver/Src/stm32f4xx_hal_rcc.o
 .debug_abbrev  0x00000000000015b4      0x26f Drivers/STM32F4xx_HAL_Driver/Src/stm32f4xx_hal_tim.o
 .debug_abbrev  0x0000000000001823      0x277 Drivers/STM32F4xx_HAL_Driver/Src/stm32f4xx_hal_tim_ex.o
 .debug_abbrev  0x0000000000001a9a      0x2fc Drivers/STM32F4xx_HAL_Driver/Src/stm32f4xx_hal_uart.o
 .debug_abbrev  0x0000000000001d96       0x14 uCOS2/Ports/ARM-Cortex-M/ARMv7-M/GNU/os_cpu_a.o
 .debug_abbrev  0x0000000000001daa      0x2b0 uCOS2/Ports/ARM-Cortex-M/ARMv7-M/os_cpu_c.o
 .debug_abbrev  0x000000000000205a      0x364 uCOS2/Source/os_core.o
 .debug_abbrev  0x00000000000023be      0x21b uCOS2/Source/os_sem.o
 .debug_abbrev  0x00000000000025d9      0x2a2 uCOS2/Source/os_task.o
 .debug_abbrev  0x000000000000287b      0x23b uCOS2/Source/os_time.o
 .debug_abbrev  0x0000000000002ab6      0x2bc uCOS2/Source/os_tmr.o

.debug_aranges  0x0000000000000000      0xf10
 .debug_aranges
                0x0000000000000000       0x20 Core/Src/gpio.o
 .debug_aranges
                0x0000000000000020       0x40 Core/Src/main.o
 .debug_aranges
                0x0000000000000060       0x20 Core/Src/stm32f4xx_hal_msp.o
 .debug_aranges
                0x0000000000000080       0x30 Core/Src/stm32f4xx_hal_timebase_tim.o
 .debug_aranges
                0x00000000000000b0       0x60 Core/Src/stm32f4xx_it.o
 .debug_aranges
                0x0000000000000110       0x28 Core/Src/system_stm32f4xx.o
 .debug_aranges
                0x0000000000000138       0x30 Core/Src/usart.o
 .debug_aranges
                0x0000000000000168       0x28 Core/Startup/startup_stm32f411retx.o
 .debug_aranges
                0x0000000000000190       0xf0 Drivers/STM32F4xx_HAL_Driver/Src/stm32f4xx_hal.o
 .debug_aranges
                0x0000000000000280      0x118 Drivers/STM32F4xx_HAL_Driver/Src/stm32f4xx_hal_cortex.o
 .debug_aranges
                0x0000000000000398       0x58 Drivers/STM32F4xx_HAL_Driver/Src/stm32f4xx_hal_gpio.o
 .debug_aranges
                0x00000000000003f0       0x88 Drivers/STM32F4xx_HAL_Driver/Src/stm32f4xx_hal_rcc.o
 .debug_aranges
                0x0000000000000478      0x3d0 Drivers/STM32F4xx_HAL_Driver/Src/stm32f4xx_hal_tim.o
 .debug_aranges
                0x0000000000000848      0x168 Drivers/STM32F4xx_HAL_Driver/Src/stm32f4xx_hal_tim_ex.o
 .debug_aranges
                0x00000000000009b0      0x200 Drivers/STM32F4xx_HAL_Driver/Src/stm32f4xx_hal_uart.o
 .debug_aranges
                0x0000000000000bb0       0x20 uCOS2/Ports/ARM-Cortex-M/ARMv7-M/GNU/os_cpu_a.o
 .debug_aranges
                0x0000000000000bd0       0x80 uCOS2/Ports/ARM-Cortex-M/ARMv7-M/os_cpu_c.o
 .debug_aranges
                0x0000000000000c50      0x128 uCOS2/Source/os_core.o
 .debug_aranges
                0x0000000000000d78       0x30 uCOS2/Source/os_sem.o
 .debug_aranges
                0x0000000000000da8       0x98 uCOS2/Source/os_task.o
 .debug_aranges
                0x0000000000000e40       0x40 uCOS2/Source/os_time.o
 .debug_aranges
                0x0000000000000e80       0x90 uCOS2/Source/os_tmr.o

.debug_ranges   0x0000000000000000      0xdd8
 .debug_ranges  0x0000000000000000       0x10 Core/Src/gpio.o
 .debug_ranges  0x0000000000000010       0x30 Core/Src/main.o
 .debug_ranges  0x0000000000000040       0x10 Core/Src/stm32f4xx_hal_msp.o
 .debug_ranges  0x0000000000000050       0x20 Core/Src/stm32f4xx_hal_timebase_tim.o
 .debug_ranges  0x0000000000000070       0x50 Core/Src/stm32f4xx_it.o
 .debug_ranges  0x00000000000000c0       0x18 Core/Src/system_stm32f4xx.o
 .debug_ranges  0x00000000000000d8       0x20 Core/Src/usart.o
 .debug_ranges  0x00000000000000f8       0x20 Core/Startup/startup_stm32f411retx.o
 .debug_ranges  0x0000000000000118       0xe0 Drivers/STM32F4xx_HAL_Driver/Src/stm32f4xx_hal.o
 .debug_ranges  0x00000000000001f8      0x108 Drivers/STM32F4xx_HAL_Driver/Src/stm32f4xx_hal_cortex.o
 .debug_ranges  0x0000000000000300       0x48 Drivers/STM32F4xx_HAL_Driver/Src/stm32f4xx_hal_gpio.o
 .debug_ranges  0x0000000000000348       0x78 Drivers/STM32F4xx_HAL_Driver/Src/stm32f4xx_hal_rcc.o
 .debug_ranges  0x00000000000003c0      0x3c0 Drivers/STM32F4xx_HAL_Driver/Src/stm32f4xx_hal_tim.o
 .debug_ranges  0x0000000000000780      0x158 Drivers/STM32F4xx_HAL_Driver/Src/stm32f4xx_hal_tim_ex.o
 .debug_ranges  0x00000000000008d8      0x220 Drivers/STM32F4xx_HAL_Driver/Src/stm32f4xx_hal_uart.o
 .debug_ranges  0x0000000000000af8       0x70 uCOS2/Ports/ARM-Cortex-M/ARMv7-M/os_cpu_c.o
 .debug_ranges  0x0000000000000b68      0x118 uCOS2/Source/os_core.o
 .debug_ranges  0x0000000000000c80       0x20 uCOS2/Source/os_sem.o
 .debug_ranges  0x0000000000000ca0       0x88 uCOS2/Source/os_task.o
 .debug_ranges  0x0000000000000d28       0x30 uCOS2/Source/os_time.o
 .debug_ranges  0x0000000000000d58       0x80 uCOS2/Source/os_tmr.o

.debug_macro    0x0000000000000000    0x18307
 .debug_macro   0x0000000000000000      0x1e7 Core/Src/gpio.o
 .debug_macro   0x00000000000001e7      0xaa8 Core/Src/gpio.o
 .debug_macro   0x0000000000000c8f      0x29b Core/Src/gpio.o
 .debug_macro   0x0000000000000f2a       0x2e Core/Src/gpio.o
 .debug_macro   0x0000000000000f58       0x28 Core/Src/gpio.o
 .debug_macro   0x0000000000000f80       0x22 Core/Src/gpio.o
 .debug_macro   0x0000000000000fa2       0x8e Core/Src/gpio.o
 .debug_macro   0x0000000000001030       0x51 Core/Src/gpio.o
 .debug_macro   0x0000000000001081      0x103 Core/Src/gpio.o
 .debug_macro   0x0000000000001184       0x6a Core/Src/gpio.o
 .debug_macro   0x00000000000011ee      0x1df Core/Src/gpio.o
 .debug_macro   0x00000000000013cd       0x1c Core/Src/gpio.o
 .debug_macro   0x00000000000013e9       0x22 Core/Src/gpio.o
 .debug_macro   0x000000000000140b       0xdf Core/Src/gpio.o
 .debug_macro   0x00000000000014ea     0x102d Core/Src/gpio.o
 .debug_macro   0x0000000000002517      0x11f Core/Src/gpio.o
 .debug_macro   0x0000000000002636     0xb953 Core/Src/gpio.o
 .debug_macro   0x000000000000df89       0x6d Core/Src/gpio.o
 .debug_macro   0x000000000000dff6     0x3666 Core/Src/gpio.o
 .debug_macro   0x000000000001165c      0x174 Core/Src/gpio.o
 .debug_macro   0x00000000000117d0       0x5c Core/Src/gpio.o
 .debug_macro   0x000000000001182c      0x447 Core/Src/gpio.o
 .debug_macro   0x0000000000011c73      0x9fe Core/Src/gpio.o
 .debug_macro   0x0000000000012671      0x116 Core/Src/gpio.o
 .debug_macro   0x0000000000012787      0x11b Core/Src/gpio.o
 .debug_macro   0x00000000000128a2       0xa5 Core/Src/gpio.o
 .debug_macro   0x0000000000012947      0x15f Core/Src/gpio.o
 .debug_macro   0x0000000000012aa6      0x287 Core/Src/gpio.o
 .debug_macro   0x0000000000012d2d       0x5f Core/Src/gpio.o
 .debug_macro   0x0000000000012d8c      0x236 Core/Src/gpio.o
 .debug_macro   0x0000000000012fc2      0x132 Core/Src/gpio.o
 .debug_macro   0x00000000000130f4      0x264 Core/Src/gpio.o
 .debug_macro   0x0000000000013358       0x2e Core/Src/gpio.o
 .debug_macro   0x0000000000013386      0x11a Core/Src/gpio.o
 .debug_macro   0x00000000000134a0       0x85 Core/Src/gpio.o
 .debug_macro   0x0000000000013525       0x89 Core/Src/gpio.o
 .debug_macro   0x00000000000135ae      0x8d1 Core/Src/gpio.o
 .debug_macro   0x0000000000013e7f       0x47 Core/Src/gpio.o
 .debug_macro   0x0000000000013ec6      0x295 Core/Src/gpio.o
 .debug_macro   0x000000000001415b      0x126 Core/Src/gpio.o
 .debug_macro   0x0000000000014281       0x58 Core/Src/gpio.o
 .debug_macro   0x00000000000142d9      0x39c Core/Src/main.o
 .debug_macro   0x0000000000014675       0x10 Core/Src/main.o
 .debug_macro   0x0000000000014685       0x58 Core/Src/main.o
 .debug_macro   0x00000000000146dd       0x52 Core/Src/main.o
 .debug_macro   0x000000000001472f       0x18 Core/Src/main.o
 .debug_macro   0x0000000000014747       0x3c Core/Src/main.o
 .debug_macro   0x0000000000014783       0x34 Core/Src/main.o
 .debug_macro   0x00000000000147b7       0x16 Core/Src/main.o
 .debug_macro   0x00000000000147cd       0x35 Core/Src/main.o
 .debug_macro   0x0000000000014802      0x333 Core/Src/main.o
 .debug_macro   0x0000000000014b35       0x16 Core/Src/main.o
 .debug_macro   0x0000000000014b4b       0x43 Core/Src/main.o
 .debug_macro   0x0000000000014b8e       0x34 Core/Src/main.o
 .debug_macro   0x0000000000014bc2       0x10 Core/Src/main.o
 .debug_macro   0x0000000000014bd2       0x58 Core/Src/main.o
 .debug_macro   0x0000000000014c2a       0x71 Core/Src/main.o
 .debug_macro   0x0000000000014c9b       0x1c Core/Src/main.o
 .debug_macro   0x0000000000014cb7      0x12a Core/Src/main.o
 .debug_macro   0x0000000000014de1       0x10 Core/Src/main.o
 .debug_macro   0x0000000000014df1       0x1c Core/Src/main.o
 .debug_macro   0x0000000000014e0d       0x52 Core/Src/main.o
 .debug_macro   0x0000000000014e5f       0x22 Core/Src/main.o
 .debug_macro   0x0000000000014e81       0x10 Core/Src/main.o
 .debug_macro   0x0000000000014e91       0x40 Core/Src/main.o
 .debug_macro   0x0000000000014ed1       0xd5 Core/Src/main.o
 .debug_macro   0x0000000000014fa6       0x1c Core/Src/main.o
 .debug_macro   0x0000000000014fc2       0x3d Core/Src/main.o
 .debug_macro   0x0000000000014fff       0x16 Core/Src/main.o
 .debug_macro   0x0000000000015015      0x145 Core/Src/main.o
 .debug_macro   0x000000000001515a       0x4c Core/Src/main.o
 .debug_macro   0x00000000000151a6      0x1f4 Core/Src/main.o
 .debug_macro   0x000000000001539a       0x3f Core/Src/main.o
 .debug_macro   0x00000000000153d9      0x2e2 Core/Src/main.o
 .debug_macro   0x00000000000156bb      0x43a Core/Src/main.o
 .debug_macro   0x0000000000015af5      0x1dd Core/Src/stm32f4xx_hal_msp.o
 .debug_macro   0x0000000000015cd2      0x1ce Core/Src/stm32f4xx_hal_timebase_tim.o
 .debug_macro   0x0000000000015ea0      0x383 Core/Src/stm32f4xx_it.o
 .debug_macro   0x0000000000016223      0x1ce Core/Src/system_stm32f4xx.o
 .debug_macro   0x00000000000163f1      0x1e7 Core/Src/usart.o
 .debug_macro   0x00000000000165d8      0x22e Drivers/STM32F4xx_HAL_Driver/Src/stm32f4xx_hal.o
 .debug_macro   0x0000000000016806      0x1ce Drivers/STM32F4xx_HAL_Driver/Src/stm32f4xx_hal_cortex.o
 .debug_macro   0x00000000000169d4      0x1d4 Drivers/STM32F4xx_HAL_Driver/Src/stm32f4xx_hal_gpio.o
 .debug_macro   0x0000000000016ba8      0x1f2 Drivers/STM32F4xx_HAL_Driver/Src/stm32f4xx_hal_rcc.o
 .debug_macro   0x0000000000016d9a      0x1cf Drivers/STM32F4xx_HAL_Driver/Src/stm32f4xx_hal_tim.o
 .debug_macro   0x0000000000016f69      0x1ce Drivers/STM32F4xx_HAL_Driver/Src/stm32f4xx_hal_tim_ex.o
 .debug_macro   0x0000000000017137      0x1cf Drivers/STM32F4xx_HAL_Driver/Src/stm32f4xx_hal_uart.o
 .debug_macro   0x0000000000017306      0x225 uCOS2/Ports/ARM-Cortex-M/ARMv7-M/os_cpu_c.o
 .debug_macro   0x000000000001752b       0x3f uCOS2/Ports/ARM-Cortex-M/ARMv7-M/os_cpu_c.o
 .debug_macro   0x000000000001756a      0x1e3 uCOS2/Source/os_core.o
 .debug_macro   0x000000000001774d      0x43a uCOS2/Source/os_core.o
 .debug_macro   0x0000000000017b87      0x1dd uCOS2/Source/os_sem.o
 .debug_macro   0x0000000000017d64      0x1dd uCOS2/Source/os_task.o
 .debug_macro   0x0000000000017f41      0x1dd uCOS2/Source/os_time.o
 .debug_macro   0x000000000001811e      0x1e9 uCOS2/Source/os_tmr.o

.debug_line     0x0000000000000000    0x11e2b
 .debug_line    0x0000000000000000      0x6bc Core/Src/gpio.o
 .debug_line    0x00000000000006bc      0xa6d Core/Src/main.o
 .debug_line    0x0000000000001129      0x6a3 Core/Src/stm32f4xx_hal_msp.o
 .debug_line    0x00000000000017cc      0x702 Core/Src/stm32f4xx_hal_timebase_tim.o
 .debug_line    0x0000000000001ece      0xa60 Core/Src/stm32f4xx_it.o
 .debug_line    0x000000000000292e      0x724 Core/Src/system_stm32f4xx.o
 .debug_line    0x0000000000003052      0x70c Core/Src/usart.o
 .debug_line    0x000000000000375e       0x88 Core/Startup/startup_stm32f411retx.o
 .debug_line    0x00000000000037e6      0x98a Drivers/STM32F4xx_HAL_Driver/Src/stm32f4xx_hal.o
 .debug_line    0x0000000000004170      0xc39 Drivers/STM32F4xx_HAL_Driver/Src/stm32f4xx_hal_cortex.o
 .debug_line    0x0000000000004da9      0xac4 Drivers/STM32F4xx_HAL_Driver/Src/stm32f4xx_hal_gpio.o
 .debug_line    0x000000000000586d      0xd06 Drivers/STM32F4xx_HAL_Driver/Src/stm32f4xx_hal_rcc.o
 .debug_line    0x0000000000006573     0x3458 Drivers/STM32F4xx_HAL_Driver/Src/stm32f4xx_hal_tim.o
 .debug_line    0x00000000000099cb     0x1922 Drivers/STM32F4xx_HAL_Driver/Src/stm32f4xx_hal_tim_ex.o
 .debug_line    0x000000000000b2ed     0x2a11 Drivers/STM32F4xx_HAL_Driver/Src/stm32f4xx_hal_uart.o
 .debug_line    0x000000000000dcfe       0xe7 uCOS2/Ports/ARM-Cortex-M/ARMv7-M/GNU/os_cpu_a.o
 .debug_line    0x000000000000dde5      0x819 uCOS2/Ports/ARM-Cortex-M/ARMv7-M/os_cpu_c.o
 .debug_line    0x000000000000e5fe     0x1091 uCOS2/Source/os_core.o
 .debug_line    0x000000000000f68f      0x76c uCOS2/Source/os_sem.o
 .debug_line    0x000000000000fdfb      0xd17 uCOS2/Source/os_task.o
 .debug_line    0x0000000000010b12      0x7b1 uCOS2/Source/os_time.o
 .debug_line    0x00000000000112c3      0xb68 uCOS2/Source/os_tmr.o

.debug_str      0x0000000000000000    0x914cc
 .debug_str     0x0000000000000000    0x8694f Core/Src/gpio.o
                                      0x86be3 (size before relaxing)
 .debug_str     0x000000000008694f     0x7427 Core/Src/main.o
                                      0x8e12e (size before relaxing)
 .debug_str     0x000000000008dd76       0x2c Core/Src/stm32f4xx_hal_msp.o
                                      0x86b46 (size before relaxing)
 .debug_str     0x000000000008dda2      0x436 Core/Src/stm32f4xx_hal_timebase_tim.o
                                      0x873c7 (size before relaxing)
 .debug_str     0x000000000008e1d8       0xcf Core/Src/stm32f4xx_it.o
                                      0x8dcaf (size before relaxing)
 .debug_str     0x000000000008e2a7       0xaf Core/Src/system_stm32f4xx.o
                                      0x86a92 (size before relaxing)
 .debug_str     0x000000000008e356       0x57 Core/Src/usart.o
                                      0x87048 (size before relaxing)
 .debug_str     0x000000000008e3ad       0x36 Core/Startup/startup_stm32f411retx.o
                                         0x6b (size before relaxing)
 .debug_str     0x000000000008e3e3      0x53d Drivers/STM32F4xx_HAL_Driver/Src/stm32f4xx_hal.o
                                      0x8741c (size before relaxing)
 .debug_str     0x000000000008e920      0x399 Drivers/STM32F4xx_HAL_Driver/Src/stm32f4xx_hal_cortex.o
                                      0x871f9 (size before relaxing)
 .debug_str     0x000000000008ecb9      0x15f Drivers/STM32F4xx_HAL_Driver/Src/stm32f4xx_hal_gpio.o
                                      0x86c39 (size before relaxing)
 .debug_str     0x000000000008ee18      0x24f Drivers/STM32F4xx_HAL_Driver/Src/stm32f4xx_hal_rcc.o
                                      0x86e94 (size before relaxing)
 .debug_str     0x000000000008f067      0xe4d Drivers/STM32F4xx_HAL_Driver/Src/stm32f4xx_hal_tim.o
                                      0x87daf (size before relaxing)
 .debug_str     0x000000000008feb4      0x538 Drivers/STM32F4xx_HAL_Driver/Src/stm32f4xx_hal_tim_ex.o
                                      0x87560 (size before relaxing)
 .debug_str     0x00000000000903ec      0x60a Drivers/STM32F4xx_HAL_Driver/Src/stm32f4xx_hal_uart.o
                                      0x87408 (size before relaxing)
 .debug_str     0x00000000000909f6       0x33 uCOS2/Ports/ARM-Cortex-M/ARMv7-M/GNU/os_cpu_a.o
                                         0x76 (size before relaxing)
 .debug_str     0x0000000000090a29      0x41b uCOS2/Ports/ARM-Cortex-M/ARMv7-M/os_cpu_c.o
                                       0xa6cb (size before relaxing)
 .debug_str     0x0000000000090e44      0x321 uCOS2/Source/os_core.o
                                       0xa623 (size before relaxing)
 .debug_str     0x0000000000091165       0x43 uCOS2/Source/os_sem.o
                                       0xa343 (size before relaxing)
 .debug_str     0x00000000000911a8      0x15a uCOS2/Source/os_task.o
                                       0xa4d5 (size before relaxing)
 .debug_str     0x0000000000091302       0x77 uCOS2/Source/os_time.o
                                       0xa373 (size before relaxing)
 .debug_str     0x0000000000091379      0x153 uCOS2/Source/os_tmr.o
                                       0xa459 (size before relaxing)

.comment        0x0000000000000000       0x53
 .comment       0x0000000000000000       0x53 Core/Src/gpio.o
                                         0x54 (size before relaxing)
 .comment       0x0000000000000053       0x54 Core/Src/main.o
 .comment       0x0000000000000053       0x54 Core/Src/stm32f4xx_hal_msp.o
 .comment       0x0000000000000053       0x54 Core/Src/stm32f4xx_hal_timebase_tim.o
 .comment       0x0000000000000053       0x54 Core/Src/stm32f4xx_it.o
 .comment       0x0000000000000053       0x54 Core/Src/system_stm32f4xx.o
 .comment       0x0000000000000053       0x54 Core/Src/usart.o
 .comment       0x0000000000000053       0x54 Drivers/STM32F4xx_HAL_Driver/Src/stm32f4xx_hal.o
 .comment       0x0000000000000053       0x54 Drivers/STM32F4xx_HAL_Driver/Src/stm32f4xx_hal_cortex.o
 .comment       0x0000000000000053       0x54 Drivers/STM32F4xx_HAL_Driver/Src/stm32f4xx_hal_gpio.o
 .comment       0x0000000000000053       0x54 Drivers/STM32F4xx_HAL_Driver/Src/stm32f4xx_hal_rcc.o
 .comment       0x0000000000000053       0x54 Drivers/STM32F4xx_HAL_Driver/Src/stm32f4xx_hal_tim.o
 .comment       0x0000000000000053       0x54 Drivers/STM32F4xx_HAL_Driver/Src/stm32f4xx_hal_tim_ex.o
 .comment       0x0000000000000053       0x54 Drivers/STM32F4xx_HAL_Driver/Src/stm32f4xx_hal_uart.o
 .comment       0x0000000000000053       0x54 uCOS2/Ports/ARM-Cortex-M/ARMv7-M/os_cpu_c.o
 .comment       0x0000000000000053       0x54 uCOS2/Source/os_core.o
 .comment       0x0000000000000053       0x54 uCOS2/Source/os_sem.o
 .comment       0x0000000000000053       0x54 uCOS2/Source/os_task.o
 .comment       0x0000000000000053       0x54 uCOS2/Source/os_time.o
 .comment       0x0000000000000053       0x54 uCOS2/Source/os_tmr.o

.debug_frame    0x0000000000000000     0x3d08
 .debug_frame   0x0000000000000000       0x34 Core/Src/gpio.o
 .debug_frame   0x0000000000000034       0xac Core/Src/main.o
 .debug_frame   0x00000000000000e0       0x38 Core/Src/stm32f4xx_hal_msp.o
 .debug_frame   0x0000000000000118       0x74 Core/Src/stm32f4xx_hal_timebase_tim.o
 .debug_frame   0x000000000000018c      0x108 Core/Src/stm32f4xx_it.o
 .debug_frame   0x0000000000000294       0x58 Core/Src/system_stm32f4xx.o
 .debug_frame   0x00000000000002ec       0x74 Core/Src/usart.o
 .debug_frame   0x0000000000000360      0x374 Drivers/STM32F4xx_HAL_Driver/Src/stm32f4xx_hal.o
 .debug_frame   0x00000000000006d4      0x498 Drivers/STM32F4xx_HAL_Driver/Src/stm32f4xx_hal_cortex.o
 .debug_frame   0x0000000000000b6c      0x14c Drivers/STM32F4xx_HAL_Driver/Src/stm32f4xx_hal_gpio.o
 .debug_frame   0x0000000000000cb8      0x1f0 Drivers/STM32F4xx_HAL_Driver/Src/stm32f4xx_hal_rcc.o
 .debug_frame   0x0000000000000ea8     0x11bc Drivers/STM32F4xx_HAL_Driver/Src/stm32f4xx_hal_tim.o
 .debug_frame   0x0000000000002064      0x638 Drivers/STM32F4xx_HAL_Driver/Src/stm32f4xx_hal_tim_ex.o
 .debug_frame   0x000000000000269c      0x92c Drivers/STM32F4xx_HAL_Driver/Src/stm32f4xx_hal_uart.o
 .debug_frame   0x0000000000002fc8      0x1e4 uCOS2/Ports/ARM-Cortex-M/ARMv7-M/os_cpu_c.o
 .debug_frame   0x00000000000031ac      0x4dc uCOS2/Source/os_core.o
 .debug_frame   0x0000000000003688       0x7c uCOS2/Source/os_sem.o
 .debug_frame   0x0000000000003704      0x258 uCOS2/Source/os_task.o
 .debug_frame   0x000000000000395c       0xc8 uCOS2/Source/os_time.o
 .debug_frame   0x0000000000003a24      0x238 uCOS2/Source/os_tmr.o
 .debug_frame   0x0000000000003c5c       0x2c /opt/st/stm32cubeide_1.6.0/plugins/com.st.stm32cube.ide.mcu.externaltools.gnu-tools-for-stm32.9-2020-q2-update.linux64_1.5.0.202011040924/tools/bin/../lib/gcc/arm-none-eabi/9.3.1/../../../../arm-none-eabi/lib/thumb/v7e-m+fp/hard/libc_nano.a(lib_a-init.o)
 .debug_frame   0x0000000000003c88       0x20 /opt/st/stm32cubeide_1.6.0/plugins/com.st.stm32cube.ide.mcu.externaltools.gnu-tools-for-stm32.9-2020-q2-update.linux64_1.5.0.202011040924/tools/bin/../lib/gcc/arm-none-eabi/9.3.1/../../../../arm-none-eabi/lib/thumb/v7e-m+fp/hard/libc_nano.a(lib_a-memset.o)
 .debug_frame   0x0000000000003ca8       0x2c /opt/st/stm32cubeide_1.6.0/plugins/com.st.stm32cube.ide.mcu.externaltools.gnu-tools-for-stm32.9-2020-q2-update.linux64_1.5.0.202011040924/tools/bin/../lib/gcc/arm-none-eabi/9.3.1/thumb/v7e-m+fp/hard/libgcc.a(_aeabi_uldivmod.o)
 .debug_frame   0x0000000000003cd4       0x34 /opt/st/stm32cubeide_1.6.0/plugins/com.st.stm32cube.ide.mcu.externaltools.gnu-tools-for-stm32.9-2020-q2-update.linux64_1.5.0.202011040924/tools/bin/../lib/gcc/arm-none-eabi/9.3.1/thumb/v7e-m+fp/hard/libgcc.a(_udivmoddi4.o)
