queue.c:266:12:xQueueGenericReset	24	static,ignoring_inline_asm
queue.c:398:19:xQueueGenericCreate	48	static
queue.c:464:13:prvInitialiseNewQueue	24	static
queue.c:512:17:prvInitialiseMutex	16	static
queue.c:542:19:xQueueCreateMutex	32	static
queue.c:638:16:xQueueGiveMutexRecursive	32	static
queue.c:693:16:xQueueTakeMutexRecursive	32	static
queue.c:772:19:xQueueCreateCountingSemaphore	24	static
queue.c:805:12:xQueueGenericSend	48	static,ignoring_inline_asm
queue.c:1017:12:xQueueGenericSendFromISR	56	static,ignoring_inline_asm
queue.c:1184:12:xQueueGiveFromISR	48	static,ignoring_inline_asm
queue.c:1352:12:xQueueReceive	48	static,ignoring_inline_asm
queue.c:1495:12:xQueueSemaphoreTake	48	static,ignoring_inline_asm
queue.c:1714:12:xQueuePeek	48	static,ignoring_inline_asm
queue.c:1865:12:xQueueReceiveFromISR	56	static,ignoring_inline_asm
queue.c:1960:12:xQueuePeekFromISR	48	static,ignoring_inline_asm
queue.c:2015:13:uxQueueMessagesWaiting	24	static
queue.c:2031:13:uxQueueSpacesAvailable	24	static
queue.c:2048:13:uxQueueMessagesWaitingFromISR	24	static
queue.c:2060:6:vQueueDelete	24	static
queue.c:2135:24:prvGetDisinheritPriorityAfterTimeout	24	static
queue.c:2160:19:prvCopyDataToQueue	32	static
queue.c:2243:13:prvCopyDataFromQueue	16	static
queue.c:2264:13:prvUnlockQueue	24	static
queue.c:2384:19:prvIsQueueEmpty	24	static
queue.c:2405:12:xQueueIsQueueEmptyFromISR	24	static
queue.c:2425:19:prvIsQueueFull	24	static
queue.c:2446:12:xQueueIsQueueFullFromISR	24	static
queue.c:2755:10:vQueueAddToRegistry	24	static
queue.c:2803:18:pcQueueGetName	24	static
queue.c:2834:10:vQueueUnregisterQueue	24	static
queue.c:2907:22:xQueueCreateSet	24	static
queue.c:2921:16:xQueueAddToSet	24	static
queue.c:2955:16:xQueueRemoveFromSet	24	static
queue.c:2992:28:xQueueSelectFromSet	24	static
queue.c:3006:28:xQueueSelectFromSetFromISR	24	static
queue.c:3019:23:prvNotifyQueueSetContainer	32	static
